
> assignment@0.0.0 test:e2e /Users/seednpc38/Documents/front_7th_chapter1-3
> playwright test


Running 78 tests using 4 workers

  ✓   3 [chromium] › e2e/tests-refactored/crud/create.spec.ts:104:3 › CRUD: 일정 생성 (Create) › 필수 필드 검증 - 제목 없음 (16.8s)
  ✓   4 [chromium] › e2e/tests-refactored/crud/create.spec.ts:25:3 › CRUD: 일정 생성 (Create) › 기본 일정 생성 (18.2s)
  ✘   2 [chromium] › e2e/tests-refactored/crud/create.spec.ts:43:3 › CRUD: 일정 생성 (Create) › 상세 정보가 있는 일정 생성 (27.5s)
  ✘   1 [chromium] › e2e/tests-refactored/crud/create.spec.ts:73:3 › CRUD: 일정 생성 (Create) › 여러 일정 연속 생성 (31.5s)
  ✓   5 [chromium] › e2e/tests-refactored/crud/create.spec.ts:130:3 › CRUD: 일정 생성 (Create) › 시간 검증 - 시작 시간이 종료 시간보다 늦음 (17.7s)
  ✓   6 [chromium] › e2e/tests-refactored/crud/create.spec.ts:151:3 › CRUD: 일정 생성 (Create) › 특수문자를 포함한 일정 생성 (18.4s)
  ✓   8 [chromium] › e2e/tests-refactored/crud/create.spec.ts:188:3 › CRUD: 일정 생성 (Create) › API를 통한 일정 생성 (성능 테스트) (8.1s)
  ✘   7 [chromium] › e2e/tests-refactored/crud/create.spec.ts:168:3 › CRUD: 일정 생성 (Create) › 긴 제목으로 일정 생성 (22.3s)
  ✘   9 [chromium] › e2e/tests-refactored/crud/delete.spec.ts:25:3 › CRUD: 일정 삭제 (Delete) › 생성된 일정을 삭제 (27.4s)
  ✘  10 [chromium] › e2e/tests-refactored/crud/delete.spec.ts:47:3 › CRUD: 일정 삭제 (Delete) › 여러 일정 중 하나를 삭제 (32.7s)
  ✘  11 [chromium] › e2e/tests-refactored/crud/delete.spec.ts:79:3 › CRUD: 일정 삭제 (Delete) › 삭제 후 일정 개수가 감소함 (30.5s)
  ✘  12 [chromium] › e2e/tests-refactored/crud/delete.spec.ts:107:3 › CRUD: 일정 삭제 (Delete) › 삭제된 일정은 페이지 새로고침 후에도 없음 (26.4s)
  ✘  13 [chromium] › e2e/tests-refactored/crud/delete.spec.ts:133:3 › CRUD: 일정 삭제 (Delete) › 삭제된 일정의 제목으로 검색 결과 없음 (26.1s)
  ✘  15 [chromium] › e2e/tests-refactored/crud/delete.spec.ts:180:3 › CRUD: 일정 삭제 (Delete) › 긴 제목의 일정 삭제 (19.5s)
  ✘  16 [chromium] › e2e/tests-refactored/crud/delete.spec.ts:203:3 › CRUD: 일정 삭제 (Delete) › API를 통해 생성된 일정 삭제 (16.4s)
  ✘  14 [chromium] › e2e/tests-refactored/crud/delete.spec.ts:158:3 › CRUD: 일정 삭제 (Delete) › 특수문자가 있는 일정 삭제 (25.5s)
  ✓  19 [chromium] › e2e/tests-refactored/crud/read.spec.ts:28:3 › CRUD: 일정 조회 (Read) › 생성된 일정이 목록에 표시됨 (18.6s)
  ✘  17 [chromium] › e2e/tests-refactored/crud/delete.spec.ts:232:3 › CRUD: 일정 삭제 (Delete) › 모든 일정 삭제 후 빈 목록 상태 (35.1s)
  ✘  18 [chromium] › e2e/tests-refactored/crud/delete.spec.ts:259:3 › CRUD: 일정 삭제 (Delete) › 삭제 후 동일한 제목으로 새 일정 생성 (32.5s)
  ✘  20 [chromium] › e2e/tests-refactored/crud/read.spec.ts:46:3 › CRUD: 일정 조회 (Read) › 여러 일정이 모두 목록에 표시됨 (33.9s)
  ✓  24 [chromium] › e2e/tests-refactored/crud/read.spec.ts:145:3 › CRUD: 일정 조회 (Read) › API를 통해 생성된 일정이 목록에 표시됨 (14.7s)
  ✘  21 [chromium] › e2e/tests-refactored/crud/read.spec.ts:73:3 › CRUD: 일정 조회 (Read) › 일정 상세 정보가 목록에 표시됨 (32.8s)
  ✓  22 [chromium] › e2e/tests-refactored/crud/read.spec.ts:108:3 › CRUD: 일정 조회 (Read) › 특수문자가 있는 일정이 올바르게 표시됨 (25.0s)
  ✘  23 [chromium] › e2e/tests-refactored/crud/read.spec.ts:125:3 › CRUD: 일정 조회 (Read) › 긴 제목이 있는 일정이 올바르게 표시됨 (30.1s)
  ✓  26 [chromium] › e2e/tests-refactored/crud/read.spec.ts:188:3 › CRUD: 일정 조회 (Read) › 빈 목록 상태에서 생성 후 일정 표시 (20.5s)
  ✘  25 [chromium] › e2e/tests-refactored/crud/read.spec.ts:166:3 › CRUD: 일정 조회 (Read) › 생성된 일정의 제목이 정확하게 저장됨 (25.4s)
  ✘  27 [chromium] › e2e/tests-refactored/crud/read.spec.ts:210:3 › CRUD: 일정 조회 (Read) › 일정 목록의 이벤트 개수가 정확함 (31.3s)
  ✘  28 [chromium] › e2e/tests-refactored/crud/update.spec.ts:25:3 › CRUD: 일정 수정 (Update) › 생성된 일정의 제목을 수정 (27.3s)
  ✘  29 [chromium] › e2e/tests-refactored/crud/update.spec.ts:56:3 › CRUD: 일정 수정 (Update) › 생성된 일정의 시간을 수정 (26.3s)
  ✘  30 [chromium] › e2e/tests-refactored/crud/update.spec.ts:90:3 › CRUD: 일정 수정 (Update) › 생성된 일정의 날짜를 수정 (25.6s)
  ✘  31 [chromium] › e2e/tests-refactored/crud/update.spec.ts:122:3 › CRUD: 일정 수정 (Update) › 일정의 설명을 추가 또는 수정 (29.4s)
  ✘  32 [chromium] › e2e/tests-refactored/crud/update.spec.ts:149:3 › CRUD: 일정 수정 (Update) › 일정의 위치를 추가 또는 수정 (25.3s)
  ✘  33 [chromium] › e2e/tests-refactored/crud/update.spec.ts:184:3 › CRUD: 일정 수정 (Update) › 일정의 카테고리를 수정 (29.3s)
  ✘  34 [chromium] › e2e/tests-refactored/crud/update.spec.ts:210:3 › CRUD: 일정 수정 (Update) › 여러 필드를 동시에 수정 (25.6s)
  ✘  37 [chromium] › e2e/tests-refactored/features/notifications.spec.ts:25:3 › Feature: 일정 알림 (Notifications) › 일정 생성 시 알림 설정 (16.4s)
  ✘  38 [chromium] › e2e/tests-refactored/features/notifications.spec.ts:54:3 › Feature: 일정 알림 (Notifications) › 다양한 알림 시간 설정 (16.4s)
  ✘  36 [chromium] › e2e/tests-refactored/crud/update.spec.ts:284:3 › CRUD: 일정 수정 (Update) › 수정 취소 시 원본이 유지됨 (29.6s)
  ✘  35 [chromium] › e2e/tests-refactored/crud/update.spec.ts:256:3 › CRUD: 일정 수정 (Update) › 수정 후 일정이 목록 맨 위로 이동 (30.8s)
  ✓  41 [chromium] › e2e/tests-refactored/features/notifications.spec.ts:162:3 › Feature: 일정 알림 (Notifications) › API를 통해 생성된 일정의 알림 설정 표시 (7.2s)
  ✘  39 [chromium] › e2e/tests-refactored/features/notifications.spec.ts:125:3 › Feature: 일정 알림 (Notifications) › 일정 수정 시 알림 설정 변경 (14.4s)
  ✘  42 [chromium] › e2e/tests-refactored/features/notifications.spec.ts:189:3 › Feature: 일정 알림 (Notifications) › 알림 시간이 일정 시작 시간보다 전에 설정됨 (14.2s)
  ✘  43 [chromium] › e2e/tests-refactored/features/notifications.spec.ts:218:3 › Feature: 일정 알림 (Notifications) › 여러 일정에 다양한 알림 설정 (13.1s)
  ✘  40 [chromium] › e2e/tests-refactored/features/notifications.spec.ts:98:3 › Feature: 일정 알림 (Notifications) › 알림 없음 설정 (21.4s)
  ✓  44 [chromium] › e2e/tests-refactored/features/notifications.spec.ts:261:3 › Feature: 일정 알림 (Notifications) › 알림 설정 없이도 일정 생성 가능 (14.3s)
  ✘  45 [chromium] › e2e/tests-refactored/features/notifications.spec.ts:279:3 › Feature: 일정 알림 (Notifications) › 특수문자 제목의 일정에 알림 설정 (16.5s)
  ✘  46 [chromium] › e2e/tests-refactored/features/overlapping.spec.ts:28:3 › Feature: 일정 겹침 감지 (Overlapping Events) › 겹치는 일정 생성 시 경고 표시 (22.7s)
  ✘  47 [chromium] › e2e/tests-refactored/features/overlapping.spec.ts:63:3 › Feature: 일정 겹침 감지 (Overlapping Events) › 겹침 경고 무시하고 계속 진행 (22.6s)
  ✘  48 [chromium] › e2e/tests-refactored/features/overlapping.spec.ts:105:3 › Feature: 일정 겹침 감지 (Overlapping Events) › 겹침 경고 취소하면 일정이 생성되지 않음 (23.1s)
  ✘  49 [chromium] › e2e/tests-refactored/features/overlapping.spec.ts:146:3 › Feature: 일정 겹침 감지 (Overlapping Events) › 정확히 겹치는 시간대의 일정 감지 (30.7s)
  ✘  50 [chromium] › e2e/tests-refactored/features/overlapping.spec.ts:181:3 › Feature: 일정 겹침 감지 (Overlapping Events) › 일정의 경계가 겹칠 때 경고 표시 (22.7s)
  ✘  51 [chromium] › e2e/tests-refactored/features/overlapping.spec.ts:216:3 › Feature: 일정 겹침 감지 (Overlapping Events) › 다른 날짜의 일정은 겹침 감지 안 함 (23.7s)
  ✘  55 [chromium] › e2e/tests-refactored/features/recurring.spec.ts:28:3 › Feature: 반복 일정 (Recurring Events) › 일간 반복 일정 생성 (9.8s)
  ✘  52 [chromium] › e2e/tests-refactored/features/overlapping.spec.ts:257:3 › Feature: 일정 겹침 감지 (Overlapping Events) › 부분적으로 겹치는 일정 감지 (27.7s)
  ✘  56 [chromium] › e2e/tests-refactored/features/recurring.spec.ts:77:3 › Feature: 반복 일정 (Recurring Events) › 반복 일정 수정 - 이 일정만 수정 (7.4s)
  ✘  57 [chromium] › e2e/tests-refactored/features/recurring.spec.ts:53:3 › Feature: 반복 일정 (Recurring Events) › 주간 반복 일정 생성 (9.9s)
  ✘  54 [chromium] › e2e/tests-refactored/features/overlapping.spec.ts:339:3 › Feature: 일정 겹침 감지 (Overlapping Events) › 겹침 경고에 다른 일정 정보 표시 (26.5s)
  ✘  53 [chromium] › e2e/tests-refactored/features/overlapping.spec.ts:292:3 › Feature: 일정 겹침 감지 (Overlapping Events) › 여러 일정과 겹치는 경우 경고 표시 (31.4s)
  ✘  58 [chromium] › e2e/tests-refactored/features/recurring.spec.ts:116:3 › Feature: 반복 일정 (Recurring Events) › 반복 일정 수정 - 모든 일정 수정 (8.6s)
  ✘  59 [chromium] › e2e/tests-refactored/features/recurring.spec.ts:156:3 › Feature: 반복 일정 (Recurring Events) › 반복 일정 삭제 - 이 일정만 삭제 (8.3s)
  ✘  60 [chromium] › e2e/tests-refactored/features/recurring.spec.ts:187:3 › Feature: 반복 일정 (Recurring Events) › 반복 일정 삭제 - 모든 일정 삭제 (13.1s)
  ✘  61 [chromium] › e2e/tests-refactored/features/recurring.spec.ts:218:3 › Feature: 반복 일정 (Recurring Events) › 반복 종료 날짜 설정 (14.1s)
  ✘  62 [chromium] › e2e/tests-refactored/features/recurring.spec.ts:253:3 › Feature: 반복 일정 (Recurring Events) › 반복 간격 설정 (격주 또는 월 2회) (14.7s)
  ✘  63 [chromium] › e2e/tests-refactored/features/recurring.spec.ts:283:3 › Feature: 반복 일정 (Recurring Events) › 반복 일정 중 하나만 수정해도 반복 설정 유지 (13.5s)
  ✘  64 [chromium] › e2e/tests-refactored/features/recurring.spec.ts:321:3 › Feature: 반복 일정 (Recurring Events) › 월간 반복 일정 생성 (11.3s)
  ✓  66 [chromium] › e2e/tests-refactored/features/search.spec.ts:55:3 › Feature: 일정 검색 및 필터링 (Search & Filter) › 부분 텍스트로 검색 (8.9s)
  ✓  65 [chromium] › e2e/tests-refactored/features/search.spec.ts:35:3 › Feature: 일정 검색 및 필터링 (Search & Filter) › 제목으로 일정 검색 (11.3s)
  ✓  67 [chromium] › e2e/tests-refactored/features/search.spec.ts:71:3 › Feature: 일정 검색 및 필터링 (Search & Filter) › 검색 결과 없음 (9.2s)
  ✓  68 [chromium] › e2e/tests-refactored/features/search.spec.ts:108:3 › Feature: 일정 검색 및 필터링 (Search & Filter) › 검색 후 일정이 계속 표시됨 (9.0s)
  ✓  71 [chromium] › e2e/tests-refactored/features/search.spec.ts:151:3 › Feature: 일정 검색 및 필터링 (Search & Filter) › 대소문자 구분 없이 검색 (8.9s)
  ✘  69 [chromium] › e2e/tests-refactored/features/search.spec.ts:128:3 › Feature: 일정 검색 및 필터링 (Search & Filter) › 검색 후 일정 클릭 (9.3s)
  ✘  70 [chromium] › e2e/tests-refactored/features/search.spec.ts:87:3 › Feature: 일정 검색 및 필터링 (Search & Filter) › 검색 초기화 (9.8s)
  ✘  75 [chromium] › e2e/tests-refactored/features/search.spec.ts:238:3 › Feature: 일정 검색 및 필터링 (Search & Filter) › 빈 검색어로 검색 (12.7s)
  ✓  73 [chromium] › e2e/tests-refactored/features/search.spec.ts:188:3 › Feature: 일정 검색 및 필터링 (Search & Filter) › 검색 중 새로운 일정 추가 (22.1s)
  ✓  72 [chromium] › e2e/tests-refactored/features/search.spec.ts:167:3 › Feature: 일정 검색 및 필터링 (Search & Filter) › 특수문자를 포함한 검색 (26.0s)
  ✓  76 [chromium] › e2e/tests-refactored/features/search.spec.ts:252:3 › Feature: 일정 검색 및 필터링 (Search & Filter) › 여러 단어로 검색 (8.1s)
  ✘  74 [chromium] › e2e/tests-refactored/features/search.spec.ts:215:3 › Feature: 일정 검색 및 필터링 (Search & Filter) › 검색 후 일정 삭제 (24.8s)
  ✓  77 [chromium] › e2e/tests-refactored/features/search.spec.ts:268:3 › Feature: 일정 검색 및 필터링 (Search & Filter) › 검색 결과의 위치 정보 표시 (6.3s)
  ✓  78 [chromium] › e2e/tests-refactored/features/search.spec.ts:291:3 › Feature: 일정 검색 및 필터링 (Search & Filter) › 검색 후 페이지 새로고침 시 검색 상태 유지 (7.1s)


  1) [chromium] › e2e/tests-refactored/crud/create.spec.ts:43:3 › CRUD: 일정 생성 (Create) › 상세 정보가 있는 일정 생성 

    Error: 일정 "상세 정보 일정"을(를) 찾을 수 없습니다

       at ../pages/EventListPage.ts:102

      100 |       await this.getEventByTitle(title).waitFor({ timeout });
      101 |     } catch {
    > 102 |       throw new Error(`일정 "${title}"을(를) 찾을 수 없습니다`);
          |             ^
      103 |     }
      104 |   }
      105 |
        at EventListPage.waitForEvent (/Users/seednpc38/Documents/front_7th_chapter1-3/e2e/pages/EventListPage.ts:102:13)
        at /Users/seednpc38/Documents/front_7th_chapter1-3/e2e/tests-refactored/crud/create.spec.ts:63:5

    attachment #1: screenshot (image/png) ──────────────────────────────────────────────────────────
    test-results/crud-create-CRUD-일정-생성-Create-상세-정보가-있는-일정-생성-chromium/test-failed-1.png
    ────────────────────────────────────────────────────────────────────────────────────────────────

    Error Context: test-results/crud-create-CRUD-일정-생성-Create-상세-정보가-있는-일정-생성-chromium/error-context.md

    attachment #3: trace (application/zip) ─────────────────────────────────────────────────────────
    test-results/crud-create-CRUD-일정-생성-Create-상세-정보가-있는-일정-생성-chromium/trace.zip
    Usage:

        pnpm exec playwright show-trace test-results/crud-create-CRUD-일정-생성-Create-상세-정보가-있는-일정-생성-chromium/trace.zip

    ────────────────────────────────────────────────────────────────────────────────────────────────

  2) [chromium] › e2e/tests-refactored/crud/create.spec.ts:73:3 › CRUD: 일정 생성 (Create) › 여러 일정 연속 생성 

    [31mTest timeout of 30000ms exceeded.[39m

    Error: page.waitForResponse: Test timeout of 30000ms exceeded.

       at ../pages/EventFormPage.ts:176

      174 |   async clickAddEvent(): Promise<void> {
      175 |     // API 요청이 나가도록 대기하는 프로미스
    > 176 |     const responsePromise = this.page.waitForResponse(
          |                                       ^
      177 |       (response) =>
      178 |         response.url().includes('/api/events') &&
      179 |         response.request().method() === 'POST' &&
        at EventFormPage.clickAddEvent (/Users/seednpc38/Documents/front_7th_chapter1-3/e2e/pages/EventFormPage.ts:176:39)
        at /Users/seednpc38/Documents/front_7th_chapter1-3/e2e/tests-refactored/crud/create.spec.ts:87:22

    Error: locator.click: Test timeout of 30000ms exceeded.
    Call log:
    [2m  - waiting for getByRole('button', { name: '일정 추가' })[22m


       at ../pages/BasePage.ts:19

      17 |    */
      18 |   async clickButton(buttonText: string): Promise<void> {
    > 19 |     await this.page.getByRole('button', { name: buttonText }).click();
         |                                                               ^
      20 |   }
      21 |
      22 |   /**
        at EventFormPage.clickButton (/Users/seednpc38/Documents/front_7th_chapter1-3/e2e/pages/BasePage.ts:19:63)
        at EventFormPage.clickAddEvent (/Users/seednpc38/Documents/front_7th_chapter1-3/e2e/pages/EventFormPage.ts:185:16)
        at /Users/seednpc38/Documents/front_7th_chapter1-3/e2e/tests-refactored/crud/create.spec.ts:87:22

    attachment #1: screenshot (image/png) ──────────────────────────────────────────────────────────
    test-results/crud-create-CRUD-일정-생성-Create-여러-일정-연속-생성-chromium/test-failed-1.png
    ────────────────────────────────────────────────────────────────────────────────────────────────

    Error Context: test-results/crud-create-CRUD-일정-생성-Create-여러-일정-연속-생성-chromium/error-context.md

    attachment #3: trace (application/zip) ─────────────────────────────────────────────────────────
    test-results/crud-create-CRUD-일정-생성-Create-여러-일정-연속-생성-chromium/trace.zip
    Usage:

        pnpm exec playwright show-trace test-results/crud-create-CRUD-일정-생성-Create-여러-일정-연속-생성-chromium/trace.zip

    ────────────────────────────────────────────────────────────────────────────────────────────────

  3) [chromium] › e2e/tests-refactored/crud/create.spec.ts:168:3 › CRUD: 일정 생성 (Create) › 긴 제목으로 일정 생성 

    Error: 일정 "이것은 매우 매우 매우 긴 일정 제목"을(를) 찾을 수 없습니다

       at ../pages/EventListPage.ts:102

      100 |       await this.getEventByTitle(title).waitFor({ timeout });
      101 |     } catch {
    > 102 |       throw new Error(`일정 "${title}"을(를) 찾을 수 없습니다`);
          |             ^
      103 |     }
      104 |   }
      105 |
        at EventListPage.waitForEvent (/Users/seednpc38/Documents/front_7th_chapter1-3/e2e/pages/EventListPage.ts:102:13)
        at /Users/seednpc38/Documents/front_7th_chapter1-3/e2e/tests-refactored/crud/create.spec.ts:180:5

    attachment #1: screenshot (image/png) ──────────────────────────────────────────────────────────
    test-results/crud-create-CRUD-일정-생성-Create-긴-제목으로-일정-생성-chromium/test-failed-1.png
    ────────────────────────────────────────────────────────────────────────────────────────────────

    Error Context: test-results/crud-create-CRUD-일정-생성-Create-긴-제목으로-일정-생성-chromium/error-context.md

    attachment #3: trace (application/zip) ─────────────────────────────────────────────────────────
    test-results/crud-create-CRUD-일정-생성-Create-긴-제목으로-일정-생성-chromium/trace.zip
    Usage:

        pnpm exec playwright show-trace test-results/crud-create-CRUD-일정-생성-Create-긴-제목으로-일정-생성-chromium/trace.zip

    ────────────────────────────────────────────────────────────────────────────────────────────────

  4) [chromium] › e2e/tests-refactored/crud/delete.spec.ts:25:3 › CRUD: 일정 삭제 (Delete) › 생성된 일정을 삭제 

    TimeoutError: locator.click: Timeout 10000ms exceeded.
    Call log:
    [2m  - waiting for getByTestId('event-list').locator('li').filter({ hasText: '기본 테스트 일정' }).first().getByRole('button', { name: '삭제' })[22m


       at ../pages/EventListPage.ts:49

      47 |     const event = this.eventList().locator('li').filter({ hasText: title }).first();
      48 |     const deleteButton = event.getByRole('button', { name: '삭제' });
    > 49 |     await deleteButton.click();
         |                        ^
      50 |   }
      51 |
      52 |   /**
        at EventListPage.deleteEventByTitle (/Users/seednpc38/Documents/front_7th_chapter1-3/e2e/pages/EventListPage.ts:49:24)
        at /Users/seednpc38/Documents/front_7th_chapter1-3/e2e/tests-refactored/crud/delete.spec.ts:39:20

    attachment #1: screenshot (image/png) ──────────────────────────────────────────────────────────
    test-results/crud-delete-CRUD-일정-삭제-Delete-생성된-일정을-삭제-chromium/test-failed-1.png
    ────────────────────────────────────────────────────────────────────────────────────────────────

    Error Context: test-results/crud-delete-CRUD-일정-삭제-Delete-생성된-일정을-삭제-chromium/error-context.md

    attachment #3: trace (application/zip) ─────────────────────────────────────────────────────────
    test-results/crud-delete-CRUD-일정-삭제-Delete-생성된-일정을-삭제-chromium/trace.zip
    Usage:

        pnpm exec playwright show-trace test-results/crud-delete-CRUD-일정-삭제-Delete-생성된-일정을-삭제-chromium/trace.zip

    ────────────────────────────────────────────────────────────────────────────────────────────────

  5) [chromium] › e2e/tests-refactored/crud/delete.spec.ts:47:3 › CRUD: 일정 삭제 (Delete) › 여러 일정 중 하나를 삭제 

    [31mTest timeout of 30000ms exceeded.[39m

    TimeoutError: page.waitForResponse: Timeout 8000ms exceeded while waiting for event "response"

       at ../pages/EventFormPage.ts:176

      174 |   async clickAddEvent(): Promise<void> {
      175 |     // API 요청이 나가도록 대기하는 프로미스
    > 176 |     const responsePromise = this.page.waitForResponse(
          |                                       ^
      177 |       (response) =>
      178 |         response.url().includes('/api/events') &&
      179 |         response.request().method() === 'POST' &&
        at EventFormPage.clickAddEvent (/Users/seednpc38/Documents/front_7th_chapter1-3/e2e/pages/EventFormPage.ts:176:39)
        at /Users/seednpc38/Documents/front_7th_chapter1-3/e2e/tests-refactored/crud/delete.spec.ts:59:22

    Error: locator.click: Test timeout of 30000ms exceeded.
    Call log:
    [2m  - waiting for getByRole('button', { name: '일정 추가' })[22m


       at ../pages/BasePage.ts:19

      17 |    */
      18 |   async clickButton(buttonText: string): Promise<void> {
    > 19 |     await this.page.getByRole('button', { name: buttonText }).click();
         |                                                               ^
      20 |   }
      21 |
      22 |   /**
        at EventFormPage.clickButton (/Users/seednpc38/Documents/front_7th_chapter1-3/e2e/pages/BasePage.ts:19:63)
        at EventFormPage.clickAddEvent (/Users/seednpc38/Documents/front_7th_chapter1-3/e2e/pages/EventFormPage.ts:185:16)
        at /Users/seednpc38/Documents/front_7th_chapter1-3/e2e/tests-refactored/crud/delete.spec.ts:59:22

    attachment #1: screenshot (image/png) ──────────────────────────────────────────────────────────
    test-results/crud-delete-CRUD-일정-삭제-Delete-여러-일정-중-하나를-삭제-chromium/test-failed-1.png
    ────────────────────────────────────────────────────────────────────────────────────────────────

    Error Context: test-results/crud-delete-CRUD-일정-삭제-Delete-여러-일정-중-하나를-삭제-chromium/error-context.md

    attachment #3: trace (application/zip) ─────────────────────────────────────────────────────────
    test-results/crud-delete-CRUD-일정-삭제-Delete-여러-일정-중-하나를-삭제-chromium/trace.zip
    Usage:

        pnpm exec playwright show-trace test-results/crud-delete-CRUD-일정-삭제-Delete-여러-일정-중-하나를-삭제-chromium/trace.zip

    ────────────────────────────────────────────────────────────────────────────────────────────────

  6) [chromium] › e2e/tests-refactored/crud/delete.spec.ts:79:3 › CRUD: 일정 삭제 (Delete) › 삭제 후 일정 개수가 감소함 

    TimeoutError: page.waitForResponse: Timeout 8000ms exceeded while waiting for event "response"

       at ../pages/EventFormPage.ts:176

      174 |   async clickAddEvent(): Promise<void> {
      175 |     // API 요청이 나가도록 대기하는 프로미스
    > 176 |     const responsePromise = this.page.waitForResponse(
          |                                       ^
      177 |       (response) =>
      178 |         response.url().includes('/api/events') &&
      179 |         response.request().method() === 'POST' &&
        at EventFormPage.clickAddEvent (/Users/seednpc38/Documents/front_7th_chapter1-3/e2e/pages/EventFormPage.ts:176:39)
        at /Users/seednpc38/Documents/front_7th_chapter1-3/e2e/tests-refactored/crud/delete.spec.ts:91:22

    Error: locator.click: Test ended.
    Call log:
    [2m  - waiting for getByRole('button', { name: '일정 추가' })[22m


       at ../pages/BasePage.ts:19

      17 |    */
      18 |   async clickButton(buttonText: string): Promise<void> {
    > 19 |     await this.page.getByRole('button', { name: buttonText }).click();
         |                                                               ^
      20 |   }
      21 |
      22 |   /**
        at EventFormPage.clickButton (/Users/seednpc38/Documents/front_7th_chapter1-3/e2e/pages/BasePage.ts:19:63)
        at EventFormPage.clickAddEvent (/Users/seednpc38/Documents/front_7th_chapter1-3/e2e/pages/EventFormPage.ts:185:16)
        at /Users/seednpc38/Documents/front_7th_chapter1-3/e2e/tests-refactored/crud/delete.spec.ts:91:22

    attachment #1: screenshot (image/png) ──────────────────────────────────────────────────────────
    test-results/crud-delete-CRUD-일정-삭제-Delete-삭제-후-일정-개수가-감소함-chromium/test-failed-1.png
    ────────────────────────────────────────────────────────────────────────────────────────────────

    Error Context: test-results/crud-delete-CRUD-일정-삭제-Delete-삭제-후-일정-개수가-감소함-chromium/error-context.md

    attachment #3: trace (application/zip) ─────────────────────────────────────────────────────────
    test-results/crud-delete-CRUD-일정-삭제-Delete-삭제-후-일정-개수가-감소함-chromium/trace.zip
    Usage:

        pnpm exec playwright show-trace test-results/crud-delete-CRUD-일정-삭제-Delete-삭제-후-일정-개수가-감소함-chromium/trace.zip

    ────────────────────────────────────────────────────────────────────────────────────────────────

  7) [chromium] › e2e/tests-refactored/crud/delete.spec.ts:107:3 › CRUD: 일정 삭제 (Delete) › 삭제된 일정은 페이지 새로고침 후에도 없음 

    TimeoutError: locator.click: Timeout 10000ms exceeded.
    Call log:
    [2m  - waiting for getByTestId('event-list').locator('li').filter({ hasText: '기본 테스트 일정' }).first().getByRole('button', { name: '삭제' })[22m


       at ../pages/EventListPage.ts:49

      47 |     const event = this.eventList().locator('li').filter({ hasText: title }).first();
      48 |     const deleteButton = event.getByRole('button', { name: '삭제' });
    > 49 |     await deleteButton.click();
         |                        ^
      50 |   }
      51 |
      52 |   /**
        at EventListPage.deleteEventByTitle (/Users/seednpc38/Documents/front_7th_chapter1-3/e2e/pages/EventListPage.ts:49:24)
        at /Users/seednpc38/Documents/front_7th_chapter1-3/e2e/tests-refactored/crud/delete.spec.ts:121:20

    attachment #1: screenshot (image/png) ──────────────────────────────────────────────────────────
    test-results/crud-delete-CRUD-일정-삭제-Delete-삭제된-일정은-페이지-새로고침-후에도-없음-chromium/test-failed-1.png
    ────────────────────────────────────────────────────────────────────────────────────────────────

    Error Context: test-results/crud-delete-CRUD-일정-삭제-Delete-삭제된-일정은-페이지-새로고침-후에도-없음-chromium/error-context.md

    attachment #3: trace (application/zip) ─────────────────────────────────────────────────────────
    test-results/crud-delete-CRUD-일정-삭제-Delete-삭제된-일정은-페이지-새로고침-후에도-없음-chromium/trace.zip
    Usage:

        pnpm exec playwright show-trace test-results/crud-delete-CRUD-일정-삭제-Delete-삭제된-일정은-페이지-새로고침-후에도-없음-chromium/trace.zip

    ────────────────────────────────────────────────────────────────────────────────────────────────

  8) [chromium] › e2e/tests-refactored/crud/delete.spec.ts:133:3 › CRUD: 일정 삭제 (Delete) › 삭제된 일정의 제목으로 검색 결과 없음 

    TimeoutError: locator.click: Timeout 10000ms exceeded.
    Call log:
    [2m  - waiting for getByTestId('event-list').locator('li').filter({ hasText: '기본 테스트 일정' }).first().getByRole('button', { name: '삭제' })[22m


       at ../pages/EventListPage.ts:49

      47 |     const event = this.eventList().locator('li').filter({ hasText: title }).first();
      48 |     const deleteButton = event.getByRole('button', { name: '삭제' });
    > 49 |     await deleteButton.click();
         |                        ^
      50 |   }
      51 |
      52 |   /**
        at EventListPage.deleteEventByTitle (/Users/seednpc38/Documents/front_7th_chapter1-3/e2e/pages/EventListPage.ts:49:24)
        at /Users/seednpc38/Documents/front_7th_chapter1-3/e2e/tests-refactored/crud/delete.spec.ts:147:20

    attachment #1: screenshot (image/png) ──────────────────────────────────────────────────────────
    test-results/crud-delete-CRUD-일정-삭제-Delete-삭제된-일정의-제목으로-검색-결과-없음-chromium/test-failed-1.png
    ────────────────────────────────────────────────────────────────────────────────────────────────

    Error Context: test-results/crud-delete-CRUD-일정-삭제-Delete-삭제된-일정의-제목으로-검색-결과-없음-chromium/error-context.md

    attachment #3: trace (application/zip) ─────────────────────────────────────────────────────────
    test-results/crud-delete-CRUD-일정-삭제-Delete-삭제된-일정의-제목으로-검색-결과-없음-chromium/trace.zip
    Usage:

        pnpm exec playwright show-trace test-results/crud-delete-CRUD-일정-삭제-Delete-삭제된-일정의-제목으로-검색-결과-없음-chromium/trace.zip

    ────────────────────────────────────────────────────────────────────────────────────────────────

  9) [chromium] › e2e/tests-refactored/crud/delete.spec.ts:158:3 › CRUD: 일정 삭제 (Delete) › 특수문자가 있는 일정 삭제 

    TimeoutError: locator.click: Timeout 10000ms exceeded.
    Call log:
    [2m  - waiting for getByTestId('event-list').locator('li').filter({ hasText: '회의 📅 (긴급) 🔥 @참석자들 #프로젝트A & 프로젝트B' }).first().getByRole('button', { name: '삭제' })[22m


       at ../pages/EventListPage.ts:49

      47 |     const event = this.eventList().locator('li').filter({ hasText: title }).first();
      48 |     const deleteButton = event.getByRole('button', { name: '삭제' });
    > 49 |     await deleteButton.click();
         |                        ^
      50 |   }
      51 |
      52 |   /**
        at EventListPage.deleteEventByTitle (/Users/seednpc38/Documents/front_7th_chapter1-3/e2e/pages/EventListPage.ts:49:24)
        at /Users/seednpc38/Documents/front_7th_chapter1-3/e2e/tests-refactored/crud/delete.spec.ts:172:20

    attachment #1: screenshot (image/png) ──────────────────────────────────────────────────────────
    test-results/crud-delete-CRUD-일정-삭제-Delete-특수문자가-있는-일정-삭제-chromium/test-failed-1.png
    ────────────────────────────────────────────────────────────────────────────────────────────────

    Error Context: test-results/crud-delete-CRUD-일정-삭제-Delete-특수문자가-있는-일정-삭제-chromium/error-context.md

    attachment #3: trace (application/zip) ─────────────────────────────────────────────────────────
    test-results/crud-delete-CRUD-일정-삭제-Delete-특수문자가-있는-일정-삭제-chromium/trace.zip
    Usage:

        pnpm exec playwright show-trace test-results/crud-delete-CRUD-일정-삭제-Delete-특수문자가-있는-일정-삭제-chromium/trace.zip

    ────────────────────────────────────────────────────────────────────────────────────────────────

  10) [chromium] › e2e/tests-refactored/crud/delete.spec.ts:180:3 › CRUD: 일정 삭제 (Delete) › 긴 제목의 일정 삭제 

    Error: 일정 "이것은 매우 매우 매우 긴 일정 제목"을(를) 찾을 수 없습니다

       at ../pages/EventListPage.ts:102

      100 |       await this.getEventByTitle(title).waitFor({ timeout });
      101 |     } catch {
    > 102 |       throw new Error(`일정 "${title}"을(를) 찾을 수 없습니다`);
          |             ^
      103 |     }
      104 |   }
      105 |
        at EventListPage.waitForEvent (/Users/seednpc38/Documents/front_7th_chapter1-3/e2e/pages/EventListPage.ts:102:13)
        at /Users/seednpc38/Documents/front_7th_chapter1-3/e2e/tests-refactored/crud/delete.spec.ts:191:5

    attachment #1: screenshot (image/png) ──────────────────────────────────────────────────────────
    test-results/crud-delete-CRUD-일정-삭제-Delete-긴-제목의-일정-삭제-chromium/test-failed-1.png
    ────────────────────────────────────────────────────────────────────────────────────────────────

    Error Context: test-results/crud-delete-CRUD-일정-삭제-Delete-긴-제목의-일정-삭제-chromium/error-context.md

    attachment #3: trace (application/zip) ─────────────────────────────────────────────────────────
    test-results/crud-delete-CRUD-일정-삭제-Delete-긴-제목의-일정-삭제-chromium/trace.zip
    Usage:

        pnpm exec playwright show-trace test-results/crud-delete-CRUD-일정-삭제-Delete-긴-제목의-일정-삭제-chromium/trace.zip

    ────────────────────────────────────────────────────────────────────────────────────────────────

  11) [chromium] › e2e/tests-refactored/crud/delete.spec.ts:203:3 › CRUD: 일정 삭제 (Delete) › API를 통해 생성된 일정 삭제 

    TimeoutError: locator.click: Timeout 10000ms exceeded.
    Call log:
    [2m  - waiting for getByTestId('event-list').locator('li').filter({ hasText: '기본 테스트 일정' }).first().getByRole('button', { name: '삭제' })[22m


       at ../pages/EventListPage.ts:49

      47 |     const event = this.eventList().locator('li').filter({ hasText: title }).first();
      48 |     const deleteButton = event.getByRole('button', { name: '삭제' });
    > 49 |     await deleteButton.click();
         |                        ^
      50 |   }
      51 |
      52 |   /**
        at EventListPage.deleteEventByTitle (/Users/seednpc38/Documents/front_7th_chapter1-3/e2e/pages/EventListPage.ts:49:24)
        at /Users/seednpc38/Documents/front_7th_chapter1-3/e2e/tests-refactored/crud/delete.spec.ts:224:20

    attachment #1: screenshot (image/png) ──────────────────────────────────────────────────────────
    test-results/crud-delete-CRUD-일정-삭제-Delete-API를-통해-생성된-일정-삭제-chromium/test-failed-1.png
    ────────────────────────────────────────────────────────────────────────────────────────────────

    Error Context: test-results/crud-delete-CRUD-일정-삭제-Delete-API를-통해-생성된-일정-삭제-chromium/error-context.md

    attachment #3: trace (application/zip) ─────────────────────────────────────────────────────────
    test-results/crud-delete-CRUD-일정-삭제-Delete-API를-통해-생성된-일정-삭제-chromium/trace.zip
    Usage:

        pnpm exec playwright show-trace test-results/crud-delete-CRUD-일정-삭제-Delete-API를-통해-생성된-일정-삭제-chromium/trace.zip

    ────────────────────────────────────────────────────────────────────────────────────────────────

  12) [chromium] › e2e/tests-refactored/crud/delete.spec.ts:232:3 › CRUD: 일정 삭제 (Delete) › 모든 일정 삭제 후 빈 목록 상태 

    [31mTest timeout of 30000ms exceeded.[39m

    TimeoutError: page.waitForResponse: Timeout 8000ms exceeded while waiting for event "response"

       at ../pages/EventFormPage.ts:176

      174 |   async clickAddEvent(): Promise<void> {
      175 |     // API 요청이 나가도록 대기하는 프로미스
    > 176 |     const responsePromise = this.page.waitForResponse(
          |                                       ^
      177 |       (response) =>
      178 |         response.url().includes('/api/events') &&
      179 |         response.request().method() === 'POST' &&
        at EventFormPage.clickAddEvent (/Users/seednpc38/Documents/front_7th_chapter1-3/e2e/pages/EventFormPage.ts:176:39)
        at /Users/seednpc38/Documents/front_7th_chapter1-3/e2e/tests-refactored/crud/delete.spec.ts:244:22

    Error: locator.click: Test timeout of 30000ms exceeded.
    Call log:
    [2m  - waiting for getByRole('button', { name: '일정 추가' })[22m


       at ../pages/BasePage.ts:19

      17 |    */
      18 |   async clickButton(buttonText: string): Promise<void> {
    > 19 |     await this.page.getByRole('button', { name: buttonText }).click();
         |                                                               ^
      20 |   }
      21 |
      22 |   /**
        at EventFormPage.clickButton (/Users/seednpc38/Documents/front_7th_chapter1-3/e2e/pages/BasePage.ts:19:63)
        at EventFormPage.clickAddEvent (/Users/seednpc38/Documents/front_7th_chapter1-3/e2e/pages/EventFormPage.ts:185:16)
        at /Users/seednpc38/Documents/front_7th_chapter1-3/e2e/tests-refactored/crud/delete.spec.ts:244:22

    attachment #1: screenshot (image/png) ──────────────────────────────────────────────────────────
    test-results/crud-delete-CRUD-일정-삭제-Delete-모든-일정-삭제-후-빈-목록-상태-chromium/test-failed-1.png
    ────────────────────────────────────────────────────────────────────────────────────────────────

    Error Context: test-results/crud-delete-CRUD-일정-삭제-Delete-모든-일정-삭제-후-빈-목록-상태-chromium/error-context.md

    attachment #3: trace (application/zip) ─────────────────────────────────────────────────────────
    test-results/crud-delete-CRUD-일정-삭제-Delete-모든-일정-삭제-후-빈-목록-상태-chromium/trace.zip
    Usage:

        pnpm exec playwright show-trace test-results/crud-delete-CRUD-일정-삭제-Delete-모든-일정-삭제-후-빈-목록-상태-chromium/trace.zip

    ────────────────────────────────────────────────────────────────────────────────────────────────

  13) [chromium] › e2e/tests-refactored/crud/delete.spec.ts:259:3 › CRUD: 일정 삭제 (Delete) › 삭제 후 동일한 제목으로 새 일정 생성 

    [31mTest timeout of 30000ms exceeded.[39m

    TimeoutError: locator.click: Timeout 10000ms exceeded.
    Call log:
    [2m  - waiting for getByTestId('event-list').locator('li').filter({ hasText: '기본 테스트 일정' }).first().getByRole('button', { name: '삭제' })[22m


       at ../pages/EventListPage.ts:49

      47 |     const event = this.eventList().locator('li').filter({ hasText: title }).first();
      48 |     const deleteButton = event.getByRole('button', { name: '삭제' });
    > 49 |     await deleteButton.click();
         |                        ^
      50 |   }
      51 |
      52 |   /**
        at EventListPage.deleteEventByTitle (/Users/seednpc38/Documents/front_7th_chapter1-3/e2e/pages/EventListPage.ts:49:24)
        at /Users/seednpc38/Documents/front_7th_chapter1-3/e2e/tests-refactored/crud/delete.spec.ts:273:20

    attachment #1: screenshot (image/png) ──────────────────────────────────────────────────────────
    test-results/crud-delete-CRUD-일정-삭제-Delete-삭제-후-동일한-제목으로-새-일정-생성-chromium/test-failed-1.png
    ────────────────────────────────────────────────────────────────────────────────────────────────

    Error Context: test-results/crud-delete-CRUD-일정-삭제-Delete-삭제-후-동일한-제목으로-새-일정-생성-chromium/error-context.md

    attachment #3: trace (application/zip) ─────────────────────────────────────────────────────────
    test-results/crud-delete-CRUD-일정-삭제-Delete-삭제-후-동일한-제목으로-새-일정-생성-chromium/trace.zip
    Usage:

        pnpm exec playwright show-trace test-results/crud-delete-CRUD-일정-삭제-Delete-삭제-후-동일한-제목으로-새-일정-생성-chromium/trace.zip

    ────────────────────────────────────────────────────────────────────────────────────────────────

  14) [chromium] › e2e/tests-refactored/crud/read.spec.ts:46:3 › CRUD: 일정 조회 (Read) › 여러 일정이 모두 목록에 표시됨 

    [31mTest timeout of 30000ms exceeded.[39m

    Error: locator.fill: Test timeout of 30000ms exceeded.
    Call log:
    [2m  - waiting for locator('#date')[22m
    [2m    - locator resolved to <input value="" id="date" type="date" aria-invalid="false" class="MuiInputBase-input MuiOutlinedInput-input MuiInputBase-inputSizeSmall css-1pzfmz2-MuiInputBase-input-MuiOutlinedInput-input"/>[22m
    [2m    - fill("2025-11-21")[22m
    [2m  - attempting fill action[22m
    [2m    - waiting for element to be visible, enabled and editable[22m


       at ../pages/EventFormPage.ts:39

      37 |    */
      38 |   async fillDate(date: string): Promise<void> {
    > 39 |     await this.dateInput().fill(date);
         |                            ^
      40 |   }
      41 |
      42 |   /**
        at EventFormPage.fillDate (/Users/seednpc38/Documents/front_7th_chapter1-3/e2e/pages/EventFormPage.ts:39:28)
        at EventFormPage.fillEventForm (/Users/seednpc38/Documents/front_7th_chapter1-3/e2e/pages/EventFormPage.ts:119:16)
        at /Users/seednpc38/Documents/front_7th_chapter1-3/e2e/tests-refactored/crud/read.spec.ts:57:7

    attachment #1: screenshot (image/png) ──────────────────────────────────────────────────────────
    test-results/crud-read-CRUD-일정-조회-Read-여러-일정이-모두-목록에-표시됨-chromium/test-failed-1.png
    ────────────────────────────────────────────────────────────────────────────────────────────────

    Error Context: test-results/crud-read-CRUD-일정-조회-Read-여러-일정이-모두-목록에-표시됨-chromium/error-context.md

    attachment #3: trace (application/zip) ─────────────────────────────────────────────────────────
    test-results/crud-read-CRUD-일정-조회-Read-여러-일정이-모두-목록에-표시됨-chromium/trace.zip
    Usage:

        pnpm exec playwright show-trace test-results/crud-read-CRUD-일정-조회-Read-여러-일정이-모두-목록에-표시됨-chromium/trace.zip

    ────────────────────────────────────────────────────────────────────────────────────────────────

  15) [chromium] › e2e/tests-refactored/crud/read.spec.ts:73:3 › CRUD: 일정 조회 (Read) › 일정 상세 정보가 목록에 표시됨 

    [31mTest timeout of 30000ms exceeded.[39m

    Error: 일정 "상세 정보 표시 테스트"을(를) 찾을 수 없습니다

       at ../pages/EventListPage.ts:102

      100 |       await this.getEventByTitle(title).waitFor({ timeout });
      101 |     } catch {
    > 102 |       throw new Error(`일정 "${title}"을(를) 찾을 수 없습니다`);
          |             ^
      103 |     }
      104 |   }
      105 |
        at EventListPage.waitForEvent (/Users/seednpc38/Documents/front_7th_chapter1-3/e2e/pages/EventListPage.ts:102:13)
        at /Users/seednpc38/Documents/front_7th_chapter1-3/e2e/tests-refactored/crud/read.spec.ts:94:5

    attachment #1: screenshot (image/png) ──────────────────────────────────────────────────────────
    test-results/crud-read-CRUD-일정-조회-Read-일정-상세-정보가-목록에-표시됨-chromium/test-failed-1.png
    ────────────────────────────────────────────────────────────────────────────────────────────────

    Error Context: test-results/crud-read-CRUD-일정-조회-Read-일정-상세-정보가-목록에-표시됨-chromium/error-context.md

    attachment #3: trace (application/zip) ─────────────────────────────────────────────────────────
    test-results/crud-read-CRUD-일정-조회-Read-일정-상세-정보가-목록에-표시됨-chromium/trace.zip
    Usage:

        pnpm exec playwright show-trace test-results/crud-read-CRUD-일정-조회-Read-일정-상세-정보가-목록에-표시됨-chromium/trace.zip

    ────────────────────────────────────────────────────────────────────────────────────────────────

  16) [chromium] › e2e/tests-refactored/crud/read.spec.ts:125:3 › CRUD: 일정 조회 (Read) › 긴 제목이 있는 일정이 올바르게 표시됨 

    Error: 일정 "이것은 매우 매우 매우 긴 일정 제목"을(를) 찾을 수 없습니다

       at ../pages/EventListPage.ts:102

      100 |       await this.getEventByTitle(title).waitFor({ timeout });
      101 |     } catch {
    > 102 |       throw new Error(`일정 "${title}"을(를) 찾을 수 없습니다`);
          |             ^
      103 |     }
      104 |   }
      105 |
        at EventListPage.waitForEvent (/Users/seednpc38/Documents/front_7th_chapter1-3/e2e/pages/EventListPage.ts:102:13)
        at /Users/seednpc38/Documents/front_7th_chapter1-3/e2e/tests-refactored/crud/read.spec.ts:137:5

    attachment #1: screenshot (image/png) ──────────────────────────────────────────────────────────
    test-results/crud-read-CRUD-일정-조회-Read-긴-제목이-있는-일정이-올바르게-표시됨-chromium/test-failed-1.png
    ────────────────────────────────────────────────────────────────────────────────────────────────

    Error Context: test-results/crud-read-CRUD-일정-조회-Read-긴-제목이-있는-일정이-올바르게-표시됨-chromium/error-context.md

    attachment #3: trace (application/zip) ─────────────────────────────────────────────────────────
    test-results/crud-read-CRUD-일정-조회-Read-긴-제목이-있는-일정이-올바르게-표시됨-chromium/trace.zip
    Usage:

        pnpm exec playwright show-trace test-results/crud-read-CRUD-일정-조회-Read-긴-제목이-있는-일정이-올바르게-표시됨-chromium/trace.zip

    ────────────────────────────────────────────────────────────────────────────────────────────────

  17) [chromium] › e2e/tests-refactored/crud/read.spec.ts:166:3 › CRUD: 일정 조회 (Read) › 생성된 일정의 제목이 정확하게 저장됨 

    Error: [2mexpect([22m[31mreceived[39m[2m).[22mtoBe[2m([22m[32mexpected[39m[2m) // Object.is equality[22m

    Expected: [32mtrue[39m
    Received: [31mfalse[39m

      183 |     // 정확한 제목으로 확인
      184 |     const hasEvent = await listPage.hasEventWithTitle(eventTitle);
    > 185 |     expect(hasEvent).toBe(true);
          |                      ^
      186 |   });
      187 |
      188 |   test('빈 목록 상태에서 생성 후 일정 표시', async ({ page, appContext }) => {
        at /Users/seednpc38/Documents/front_7th_chapter1-3/e2e/tests-refactored/crud/read.spec.ts:185:22

    attachment #1: screenshot (image/png) ──────────────────────────────────────────────────────────
    test-results/crud-read-CRUD-일정-조회-Read-생성된-일정의-제목이-정확하게-저장됨-chromium/test-failed-1.png
    ────────────────────────────────────────────────────────────────────────────────────────────────

    Error Context: test-results/crud-read-CRUD-일정-조회-Read-생성된-일정의-제목이-정확하게-저장됨-chromium/error-context.md

    attachment #3: trace (application/zip) ─────────────────────────────────────────────────────────
    test-results/crud-read-CRUD-일정-조회-Read-생성된-일정의-제목이-정확하게-저장됨-chromium/trace.zip
    Usage:

        pnpm exec playwright show-trace test-results/crud-read-CRUD-일정-조회-Read-생성된-일정의-제목이-정확하게-저장됨-chromium/trace.zip

    ────────────────────────────────────────────────────────────────────────────────────────────────

  18) [chromium] › e2e/tests-refactored/crud/read.spec.ts:210:3 › CRUD: 일정 조회 (Read) › 일정 목록의 이벤트 개수가 정확함 

    [31mTest timeout of 30000ms exceeded.[39m

    TimeoutError: page.waitForResponse: Timeout 8000ms exceeded while waiting for event "response"

       at ../pages/EventFormPage.ts:176

      174 |   async clickAddEvent(): Promise<void> {
      175 |     // API 요청이 나가도록 대기하는 프로미스
    > 176 |     const responsePromise = this.page.waitForResponse(
          |                                       ^
      177 |       (response) =>
      178 |         response.url().includes('/api/events') &&
      179 |         response.request().method() === 'POST' &&
        at EventFormPage.clickAddEvent (/Users/seednpc38/Documents/front_7th_chapter1-3/e2e/pages/EventFormPage.ts:176:39)
        at /Users/seednpc38/Documents/front_7th_chapter1-3/e2e/tests-refactored/crud/read.spec.ts:223:22

    Error: locator.click: Test ended.
    Call log:
    [2m  - waiting for getByRole('button', { name: '일정 추가' })[22m


       at ../pages/BasePage.ts:19

      17 |    */
      18 |   async clickButton(buttonText: string): Promise<void> {
    > 19 |     await this.page.getByRole('button', { name: buttonText }).click();
         |                                                               ^
      20 |   }
      21 |
      22 |   /**
        at EventFormPage.clickButton (/Users/seednpc38/Documents/front_7th_chapter1-3/e2e/pages/BasePage.ts:19:63)
        at EventFormPage.clickAddEvent (/Users/seednpc38/Documents/front_7th_chapter1-3/e2e/pages/EventFormPage.ts:185:16)
        at /Users/seednpc38/Documents/front_7th_chapter1-3/e2e/tests-refactored/crud/read.spec.ts:223:22

    Error: End of central directory record signature not found. Either not a zip file, or file is truncated.

    attachment #1: screenshot (image/png) ──────────────────────────────────────────────────────────
    test-results/crud-read-CRUD-일정-조회-Read-일정-목록의-이벤트-개수가-정확함-chromium/test-failed-1.png
    ────────────────────────────────────────────────────────────────────────────────────────────────

    Error Context: test-results/crud-read-CRUD-일정-조회-Read-일정-목록의-이벤트-개수가-정확함-chromium/error-context.md

  19) [chromium] › e2e/tests-refactored/crud/update.spec.ts:25:3 › CRUD: 일정 수정 (Update) › 생성된 일정의 제목을 수정 

    TimeoutError: locator.click: Timeout 10000ms exceeded.
    Call log:
    [2m  - waiting for getByTestId('event-list').getByText('기본 테스트 일정').first()[22m
    [2m    - locator resolved to <p class="MuiTypography-root MuiTypography-body1 css-1te9x5l-MuiTypography-root">기본 테스트 일정</p>[22m
    [2m  - attempting click action[22m
    [2m    2 × waiting for element to be visible, enabled and stable[22m
    [2m      - element is visible, enabled and stable[22m
    [2m      - scrolling into view if needed[22m
    [2m      - done scrolling[22m
    [2m      - <div tabindex="-1" role="presentation" class="MuiDialog-container MuiDialog-scrollPaper css-19do60a-MuiDialog-container">…</div> from <div role="presentation" class="MuiDialog-root MuiModal-root css-1424xw8-MuiModal-root-MuiDialog-root">…</div> subtree intercepts pointer events[22m
    [2m    - retrying click action[22m
    [2m    - waiting 20ms[22m
    [2m    2 × waiting for element to be visible, enabled and stable[22m
    [2m      - element is visible, enabled and stable[22m
    [2m      - scrolling into view if needed[22m
    [2m      - done scrolling[22m
    [2m      - <div tabindex="-1" role="presentation" class="MuiDialog-container MuiDialog-scrollPaper css-19do60a-MuiDialog-container">…</div> from <div role="presentation" class="MuiDialog-root MuiModal-root css-1424xw8-MuiModal-root-MuiDialog-root">…</div> subtree intercepts pointer events[22m
    [2m    - retrying click action[22m
    [2m      - waiting 100ms[22m
    [2m    11 × waiting for element to be visible, enabled and stable[22m
    [2m       - element is visible, enabled and stable[22m
    [2m       - scrolling into view if needed[22m
    [2m       - done scrolling[22m
    [2m       - <div tabindex="-1" role="presentation" class="MuiDialog-container MuiDialog-scrollPaper css-19do60a-MuiDialog-container">…</div> from <div role="presentation" class="MuiDialog-root MuiModal-root css-1424xw8-MuiModal-root-MuiDialog-root">…</div> subtree intercepts pointer events[22m
    [2m     - retrying click action[22m
    [2m       - waiting 500ms[22m


       at ../pages/EventListPage.ts:28

      26 |    */
      27 |   async clickEventByTitle(title: string): Promise<void> {
    > 28 |     await this.getEventByTitle(title).click();
         |                                       ^
      29 |   }
      30 |
      31 |   /**
        at EventListPage.clickEventByTitle (/Users/seednpc38/Documents/front_7th_chapter1-3/e2e/pages/EventListPage.ts:28:39)
        at /Users/seednpc38/Documents/front_7th_chapter1-3/e2e/tests-refactored/crud/update.spec.ts:40:20

    attachment #1: screenshot (image/png) ──────────────────────────────────────────────────────────
    test-results/crud-update-CRUD-일정-수정-Update-생성된-일정의-제목을-수정-chromium/test-failed-1.png
    ────────────────────────────────────────────────────────────────────────────────────────────────

    Error Context: test-results/crud-update-CRUD-일정-수정-Update-생성된-일정의-제목을-수정-chromium/error-context.md

    attachment #3: trace (application/zip) ─────────────────────────────────────────────────────────
    test-results/crud-update-CRUD-일정-수정-Update-생성된-일정의-제목을-수정-chromium/trace.zip
    Usage:

        pnpm exec playwright show-trace test-results/crud-update-CRUD-일정-수정-Update-생성된-일정의-제목을-수정-chromium/trace.zip

    ────────────────────────────────────────────────────────────────────────────────────────────────

  20) [chromium] › e2e/tests-refactored/crud/update.spec.ts:56:3 › CRUD: 일정 수정 (Update) › 생성된 일정의 시간을 수정 

    Error: 일정 "시간 수정 테스트"을(를) 찾을 수 없습니다

       at ../pages/EventListPage.ts:102

      100 |       await this.getEventByTitle(title).waitFor({ timeout });
      101 |     } catch {
    > 102 |       throw new Error(`일정 "${title}"을(를) 찾을 수 없습니다`);
          |             ^
      103 |     }
      104 |   }
      105 |
        at EventListPage.waitForEvent (/Users/seednpc38/Documents/front_7th_chapter1-3/e2e/pages/EventListPage.ts:102:13)
        at /Users/seednpc38/Documents/front_7th_chapter1-3/e2e/tests-refactored/crud/update.spec.ts:75:5

    attachment #1: screenshot (image/png) ──────────────────────────────────────────────────────────
    test-results/crud-update-CRUD-일정-수정-Update-생성된-일정의-시간을-수정-chromium/test-failed-1.png
    ────────────────────────────────────────────────────────────────────────────────────────────────

    Error Context: test-results/crud-update-CRUD-일정-수정-Update-생성된-일정의-시간을-수정-chromium/error-context.md

    attachment #3: trace (application/zip) ─────────────────────────────────────────────────────────
    test-results/crud-update-CRUD-일정-수정-Update-생성된-일정의-시간을-수정-chromium/trace.zip
    Usage:

        pnpm exec playwright show-trace test-results/crud-update-CRUD-일정-수정-Update-생성된-일정의-시간을-수정-chromium/trace.zip

    ────────────────────────────────────────────────────────────────────────────────────────────────

  21) [chromium] › e2e/tests-refactored/crud/update.spec.ts:90:3 › CRUD: 일정 수정 (Update) › 생성된 일정의 날짜를 수정 

    Error: 일정 "날짜 수정 테스트"을(를) 찾을 수 없습니다

       at ../pages/EventListPage.ts:102

      100 |       await this.getEventByTitle(title).waitFor({ timeout });
      101 |     } catch {
    > 102 |       throw new Error(`일정 "${title}"을(를) 찾을 수 없습니다`);
          |             ^
      103 |     }
      104 |   }
      105 |
        at EventListPage.waitForEvent (/Users/seednpc38/Documents/front_7th_chapter1-3/e2e/pages/EventListPage.ts:102:13)
        at /Users/seednpc38/Documents/front_7th_chapter1-3/e2e/tests-refactored/crud/update.spec.ts:108:5

    attachment #1: screenshot (image/png) ──────────────────────────────────────────────────────────
    test-results/crud-update-CRUD-일정-수정-Update-생성된-일정의-날짜를-수정-chromium/test-failed-1.png
    ────────────────────────────────────────────────────────────────────────────────────────────────

    Error Context: test-results/crud-update-CRUD-일정-수정-Update-생성된-일정의-날짜를-수정-chromium/error-context.md

    attachment #3: trace (application/zip) ─────────────────────────────────────────────────────────
    test-results/crud-update-CRUD-일정-수정-Update-생성된-일정의-날짜를-수정-chromium/trace.zip
    Usage:

        pnpm exec playwright show-trace test-results/crud-update-CRUD-일정-수정-Update-생성된-일정의-날짜를-수정-chromium/trace.zip

    ────────────────────────────────────────────────────────────────────────────────────────────────

  22) [chromium] › e2e/tests-refactored/crud/update.spec.ts:122:3 › CRUD: 일정 수정 (Update) › 일정의 설명을 추가 또는 수정 

    TimeoutError: locator.click: Timeout 10000ms exceeded.
    Call log:
    [2m  - waiting for getByTestId('event-list').getByText('기본 테스트 일정').first()[22m
    [2m    - locator resolved to <p class="MuiTypography-root MuiTypography-body1 css-1te9x5l-MuiTypography-root">기본 테스트 일정</p>[22m
    [2m  - attempting click action[22m
    [2m    2 × waiting for element to be visible, enabled and stable[22m
    [2m      - element is visible, enabled and stable[22m
    [2m      - scrolling into view if needed[22m
    [2m      - done scrolling[22m
    [2m      - <div tabindex="-1" role="presentation" class="MuiDialog-container MuiDialog-scrollPaper css-19do60a-MuiDialog-container">…</div> from <div role="presentation" class="MuiDialog-root MuiModal-root css-1424xw8-MuiModal-root-MuiDialog-root">…</div> subtree intercepts pointer events[22m
    [2m    - retrying click action[22m
    [2m    - waiting 20ms[22m
    [2m    2 × waiting for element to be visible, enabled and stable[22m
    [2m      - element is visible, enabled and stable[22m
    [2m      - scrolling into view if needed[22m
    [2m      - done scrolling[22m
    [2m      - <div tabindex="-1" role="presentation" class="MuiDialog-container MuiDialog-scrollPaper css-19do60a-MuiDialog-container">…</div> from <div role="presentation" class="MuiDialog-root MuiModal-root css-1424xw8-MuiModal-root-MuiDialog-root">…</div> subtree intercepts pointer events[22m
    [2m    - retrying click action[22m
    [2m      - waiting 100ms[22m
    [2m    10 × waiting for element to be visible, enabled and stable[22m
    [2m       - element is visible, enabled and stable[22m
    [2m       - scrolling into view if needed[22m
    [2m       - done scrolling[22m
    [2m       - <div tabindex="-1" role="presentation" class="MuiDialog-container MuiDialog-scrollPaper css-19do60a-MuiDialog-container">…</div> from <div role="presentation" class="MuiDialog-root MuiModal-root css-1424xw8-MuiModal-root-MuiDialog-root">…</div> subtree intercepts pointer events[22m
    [2m     - retrying click action[22m
    [2m       - waiting 500ms[22m
    [2m    - waiting for element to be visible, enabled and stable[22m


       at ../pages/EventListPage.ts:28

      26 |    */
      27 |   async clickEventByTitle(title: string): Promise<void> {
    > 28 |     await this.getEventByTitle(title).click();
         |                                       ^
      29 |   }
      30 |
      31 |   /**
        at EventListPage.clickEventByTitle (/Users/seednpc38/Documents/front_7th_chapter1-3/e2e/pages/EventListPage.ts:28:39)
        at /Users/seednpc38/Documents/front_7th_chapter1-3/e2e/tests-refactored/crud/update.spec.ts:137:20

    attachment #1: screenshot (image/png) ──────────────────────────────────────────────────────────
    test-results/crud-update-CRUD-일정-수정-Update-일정의-설명을-추가-또는-수정-chromium/test-failed-1.png
    ────────────────────────────────────────────────────────────────────────────────────────────────

    Error Context: test-results/crud-update-CRUD-일정-수정-Update-일정의-설명을-추가-또는-수정-chromium/error-context.md

    attachment #3: trace (application/zip) ─────────────────────────────────────────────────────────
    test-results/crud-update-CRUD-일정-수정-Update-일정의-설명을-추가-또는-수정-chromium/trace.zip
    Usage:

        pnpm exec playwright show-trace test-results/crud-update-CRUD-일정-수정-Update-일정의-설명을-추가-또는-수정-chromium/trace.zip

    ────────────────────────────────────────────────────────────────────────────────────────────────

  23) [chromium] › e2e/tests-refactored/crud/update.spec.ts:149:3 › CRUD: 일정 수정 (Update) › 일정의 위치를 추가 또는 수정 

    Error: 일정 "위치 추가 테스트"을(를) 찾을 수 없습니다

       at ../pages/EventListPage.ts:102

      100 |       await this.getEventByTitle(title).waitFor({ timeout });
      101 |     } catch {
    > 102 |       throw new Error(`일정 "${title}"을(를) 찾을 수 없습니다`);
          |             ^
      103 |     }
      104 |   }
      105 |
        at EventListPage.waitForEvent (/Users/seednpc38/Documents/front_7th_chapter1-3/e2e/pages/EventListPage.ts:102:13)
        at /Users/seednpc38/Documents/front_7th_chapter1-3/e2e/tests-refactored/crud/update.spec.ts:167:5

    attachment #1: screenshot (image/png) ──────────────────────────────────────────────────────────
    test-results/crud-update-CRUD-일정-수정-Update-일정의-위치를-추가-또는-수정-chromium/test-failed-1.png
    ────────────────────────────────────────────────────────────────────────────────────────────────

    Error Context: test-results/crud-update-CRUD-일정-수정-Update-일정의-위치를-추가-또는-수정-chromium/error-context.md

    attachment #3: trace (application/zip) ─────────────────────────────────────────────────────────
    test-results/crud-update-CRUD-일정-수정-Update-일정의-위치를-추가-또는-수정-chromium/trace.zip
    Usage:

        pnpm exec playwright show-trace test-results/crud-update-CRUD-일정-수정-Update-일정의-위치를-추가-또는-수정-chromium/trace.zip

    ────────────────────────────────────────────────────────────────────────────────────────────────

  24) [chromium] › e2e/tests-refactored/crud/update.spec.ts:184:3 › CRUD: 일정 수정 (Update) › 일정의 카테고리를 수정 

    TimeoutError: locator.click: Timeout 10000ms exceeded.
    Call log:
    [2m  - waiting for getByTestId('event-list').getByText('기본 테스트 일정').first()[22m
    [2m    - locator resolved to <p class="MuiTypography-root MuiTypography-body1 css-1te9x5l-MuiTypography-root">기본 테스트 일정</p>[22m
    [2m  - attempting click action[22m
    [2m    2 × waiting for element to be visible, enabled and stable[22m
    [2m      - element is visible, enabled and stable[22m
    [2m      - scrolling into view if needed[22m
    [2m      - done scrolling[22m
    [2m      - <div tabindex="-1" role="presentation" class="MuiDialog-container MuiDialog-scrollPaper css-19do60a-MuiDialog-container">…</div> from <div role="presentation" class="MuiDialog-root MuiModal-root css-1424xw8-MuiModal-root-MuiDialog-root">…</div> subtree intercepts pointer events[22m
    [2m    - retrying click action[22m
    [2m    - waiting 20ms[22m
    [2m    2 × waiting for element to be visible, enabled and stable[22m
    [2m      - element is visible, enabled and stable[22m
    [2m      - scrolling into view if needed[22m
    [2m      - done scrolling[22m
    [2m      - <div tabindex="-1" role="presentation" class="MuiDialog-container MuiDialog-scrollPaper css-19do60a-MuiDialog-container">…</div> from <div role="presentation" class="MuiDialog-root MuiModal-root css-1424xw8-MuiModal-root-MuiDialog-root">…</div> subtree intercepts pointer events[22m
    [2m    - retrying click action[22m
    [2m      - waiting 100ms[22m
    [2m    12 × waiting for element to be visible, enabled and stable[22m
    [2m       - element is visible, enabled and stable[22m
    [2m       - scrolling into view if needed[22m
    [2m       - done scrolling[22m
    [2m       - <div tabindex="-1" role="presentation" class="MuiDialog-container MuiDialog-scrollPaper css-19do60a-MuiDialog-container">…</div> from <div role="presentation" class="MuiDialog-root MuiModal-root css-1424xw8-MuiModal-root-MuiDialog-root">…</div> subtree intercepts pointer events[22m
    [2m     - retrying click action[22m
    [2m       - waiting 500ms[22m


       at ../pages/EventListPage.ts:28

      26 |    */
      27 |   async clickEventByTitle(title: string): Promise<void> {
    > 28 |     await this.getEventByTitle(title).click();
         |                                       ^
      29 |   }
      30 |
      31 |   /**
        at EventListPage.clickEventByTitle (/Users/seednpc38/Documents/front_7th_chapter1-3/e2e/pages/EventListPage.ts:28:39)
        at /Users/seednpc38/Documents/front_7th_chapter1-3/e2e/tests-refactored/crud/update.spec.ts:199:20

    attachment #1: screenshot (image/png) ──────────────────────────────────────────────────────────
    test-results/crud-update-CRUD-일정-수정-Update-일정의-카테고리를-수정-chromium/test-failed-1.png
    ────────────────────────────────────────────────────────────────────────────────────────────────

    Error Context: test-results/crud-update-CRUD-일정-수정-Update-일정의-카테고리를-수정-chromium/error-context.md

    attachment #3: trace (application/zip) ─────────────────────────────────────────────────────────
    test-results/crud-update-CRUD-일정-수정-Update-일정의-카테고리를-수정-chromium/trace.zip
    Usage:

        pnpm exec playwright show-trace test-results/crud-update-CRUD-일정-수정-Update-일정의-카테고리를-수정-chromium/trace.zip

    ────────────────────────────────────────────────────────────────────────────────────────────────

  25) [chromium] › e2e/tests-refactored/crud/update.spec.ts:210:3 › CRUD: 일정 수정 (Update) › 여러 필드를 동시에 수정 

    Error: 일정 "다중 필드 수정 테스트"을(를) 찾을 수 없습니다

       at ../pages/EventListPage.ts:102

      100 |       await this.getEventByTitle(title).waitFor({ timeout });
      101 |     } catch {
    > 102 |       throw new Error(`일정 "${title}"을(를) 찾을 수 없습니다`);
          |             ^
      103 |     }
      104 |   }
      105 |
        at EventListPage.waitForEvent (/Users/seednpc38/Documents/front_7th_chapter1-3/e2e/pages/EventListPage.ts:102:13)
        at /Users/seednpc38/Documents/front_7th_chapter1-3/e2e/tests-refactored/crud/update.spec.ts:231:5

    attachment #1: screenshot (image/png) ──────────────────────────────────────────────────────────
    test-results/crud-update-CRUD-일정-수정-Update-여러-필드를-동시에-수정-chromium/test-failed-1.png
    ────────────────────────────────────────────────────────────────────────────────────────────────

    Error Context: test-results/crud-update-CRUD-일정-수정-Update-여러-필드를-동시에-수정-chromium/error-context.md

    attachment #3: trace (application/zip) ─────────────────────────────────────────────────────────
    test-results/crud-update-CRUD-일정-수정-Update-여러-필드를-동시에-수정-chromium/trace.zip
    Usage:

        pnpm exec playwright show-trace test-results/crud-update-CRUD-일정-수정-Update-여러-필드를-동시에-수정-chromium/trace.zip

    ────────────────────────────────────────────────────────────────────────────────────────────────

  26) [chromium] › e2e/tests-refactored/crud/update.spec.ts:256:3 › CRUD: 일정 수정 (Update) › 수정 후 일정이 목록 맨 위로 이동 

    [31mTest timeout of 30000ms exceeded.[39m

    Error: page.waitForResponse: Test timeout of 30000ms exceeded.

       at ../pages/EventFormPage.ts:176

      174 |   async clickAddEvent(): Promise<void> {
      175 |     // API 요청이 나가도록 대기하는 프로미스
    > 176 |     const responsePromise = this.page.waitForResponse(
          |                                       ^
      177 |       (response) =>
      178 |         response.url().includes('/api/events') &&
      179 |         response.request().method() === 'POST' &&
        at EventFormPage.clickAddEvent (/Users/seednpc38/Documents/front_7th_chapter1-3/e2e/pages/EventFormPage.ts:176:39)
        at /Users/seednpc38/Documents/front_7th_chapter1-3/e2e/tests-refactored/crud/update.spec.ts:270:22

    Error: locator.click: Test timeout of 30000ms exceeded.
    Call log:
    [2m  - waiting for getByRole('button', { name: '일정 추가' })[22m


       at ../pages/BasePage.ts:19

      17 |    */
      18 |   async clickButton(buttonText: string): Promise<void> {
    > 19 |     await this.page.getByRole('button', { name: buttonText }).click();
         |                                                               ^
      20 |   }
      21 |
      22 |   /**
        at EventFormPage.clickButton (/Users/seednpc38/Documents/front_7th_chapter1-3/e2e/pages/BasePage.ts:19:63)
        at EventFormPage.clickAddEvent (/Users/seednpc38/Documents/front_7th_chapter1-3/e2e/pages/EventFormPage.ts:185:16)
        at /Users/seednpc38/Documents/front_7th_chapter1-3/e2e/tests-refactored/crud/update.spec.ts:270:22

    attachment #1: screenshot (image/png) ──────────────────────────────────────────────────────────
    test-results/crud-update-CRUD-일정-수정-Update-수정-후-일정이-목록-맨-위로-이동-chromium/test-failed-1.png
    ────────────────────────────────────────────────────────────────────────────────────────────────

    Error Context: test-results/crud-update-CRUD-일정-수정-Update-수정-후-일정이-목록-맨-위로-이동-chromium/error-context.md

    attachment #3: trace (application/zip) ─────────────────────────────────────────────────────────
    test-results/crud-update-CRUD-일정-수정-Update-수정-후-일정이-목록-맨-위로-이동-chromium/trace.zip
    Usage:

        pnpm exec playwright show-trace test-results/crud-update-CRUD-일정-수정-Update-수정-후-일정이-목록-맨-위로-이동-chromium/trace.zip

    ────────────────────────────────────────────────────────────────────────────────────────────────

  27) [chromium] › e2e/tests-refactored/crud/update.spec.ts:284:3 › CRUD: 일정 수정 (Update) › 수정 취소 시 원본이 유지됨 

    TimeoutError: locator.click: Timeout 10000ms exceeded.
    Call log:
    [2m  - waiting for getByTestId('event-list').getByText('수정 취소 테스트').first()[22m
    [2m    - locator resolved to <p class="MuiTypography-root MuiTypography-body1 css-1te9x5l-MuiTypography-root">수정 취소 테스트</p>[22m
    [2m  - attempting click action[22m
    [2m    2 × waiting for element to be visible, enabled and stable[22m
    [2m      - element is visible, enabled and stable[22m
    [2m      - scrolling into view if needed[22m
    [2m      - done scrolling[22m
    [2m      - <div tabindex="-1" role="presentation" class="MuiDialog-container MuiDialog-scrollPaper css-19do60a-MuiDialog-container">…</div> from <div role="presentation" class="MuiDialog-root MuiModal-root css-1424xw8-MuiModal-root-MuiDialog-root">…</div> subtree intercepts pointer events[22m
    [2m    - retrying click action[22m
    [2m    - waiting 20ms[22m
    [2m    2 × waiting for element to be visible, enabled and stable[22m
    [2m      - element is visible, enabled and stable[22m
    [2m      - scrolling into view if needed[22m
    [2m      - done scrolling[22m
    [2m      - <div tabindex="-1" role="presentation" class="MuiDialog-container MuiDialog-scrollPaper css-19do60a-MuiDialog-container">…</div> from <div role="presentation" class="MuiDialog-root MuiModal-root css-1424xw8-MuiModal-root-MuiDialog-root">…</div> subtree intercepts pointer events[22m
    [2m    - retrying click action[22m
    [2m      - waiting 100ms[22m
    [2m    12 × waiting for element to be visible, enabled and stable[22m
    [2m       - element is visible, enabled and stable[22m
    [2m       - scrolling into view if needed[22m
    [2m       - done scrolling[22m
    [2m       - <div tabindex="-1" role="presentation" class="MuiDialog-container MuiDialog-scrollPaper css-19do60a-MuiDialog-container">…</div> from <div role="presentation" class="MuiDialog-root MuiModal-root css-1424xw8-MuiModal-root-MuiDialog-root">…</div> subtree intercepts pointer events[22m
    [2m     - retrying click action[22m
    [2m       - waiting 500ms[22m


       at ../pages/EventListPage.ts:28

      26 |    */
      27 |   async clickEventByTitle(title: string): Promise<void> {
    > 28 |     await this.getEventByTitle(title).click();
         |                                       ^
      29 |   }
      30 |
      31 |   /**
        at EventListPage.clickEventByTitle (/Users/seednpc38/Documents/front_7th_chapter1-3/e2e/pages/EventListPage.ts:28:39)
        at /Users/seednpc38/Documents/front_7th_chapter1-3/e2e/tests-refactored/crud/update.spec.ts:303:20

    attachment #1: screenshot (image/png) ──────────────────────────────────────────────────────────
    test-results/crud-update-CRUD-일정-수정-Update-수정-취소-시-원본이-유지됨-chromium/test-failed-1.png
    ────────────────────────────────────────────────────────────────────────────────────────────────

    Error Context: test-results/crud-update-CRUD-일정-수정-Update-수정-취소-시-원본이-유지됨-chromium/error-context.md

    attachment #3: trace (application/zip) ─────────────────────────────────────────────────────────
    test-results/crud-update-CRUD-일정-수정-Update-수정-취소-시-원본이-유지됨-chromium/trace.zip
    Usage:

        pnpm exec playwright show-trace test-results/crud-update-CRUD-일정-수정-Update-수정-취소-시-원본이-유지됨-chromium/trace.zip

    ────────────────────────────────────────────────────────────────────────────────────────────────

  28) [chromium] › e2e/tests-refactored/features/notifications.spec.ts:25:3 › Feature: 일정 알림 (Notifications) › 일정 생성 시 알림 설정 

    TimeoutError: locator.waitFor: Timeout 3000ms exceeded.
    Call log:
    [2m  - waiting for getByLabel('알림 설정') to be visible[22m


       at ../pages/BasePage.ts:46

      44 |
      45 |     // 요소가 클릭 가능해질 때까지 대기
    > 46 |     await dropdown.waitFor({ timeout: 3000 });
         |                    ^
      47 |
      48 |     // force: true를 사용해서 Dialog 차단을 무시
      49 |     await dropdown.click({ force: true, timeout: 2000 });
        at EventFormPage.selectDropdown (/Users/seednpc38/Documents/front_7th_chapter1-3/e2e/pages/BasePage.ts:46:20)
        at EventFormPage.selectNotification (/Users/seednpc38/Documents/front_7th_chapter1-3/e2e/pages/EventFormPage.ts:102:5)
        at EventFormPage.fillEventForm (/Users/seednpc38/Documents/front_7th_chapter1-3/e2e/pages/EventFormPage.ts:136:7)
        at /Users/seednpc38/Documents/front_7th_chapter1-3/e2e/tests-refactored/features/notifications.spec.ts:40:5

    attachment #1: screenshot (image/png) ──────────────────────────────────────────────────────────
    test-results/features-notifications-Fea-301cd-Notifications-일정-생성-시-알림-설정-chromium/test-failed-1.png
    ────────────────────────────────────────────────────────────────────────────────────────────────

    Error Context: test-results/features-notifications-Fea-301cd-Notifications-일정-생성-시-알림-설정-chromium/error-context.md

    attachment #3: trace (application/zip) ─────────────────────────────────────────────────────────
    test-results/features-notifications-Fea-301cd-Notifications-일정-생성-시-알림-설정-chromium/trace.zip
    Usage:

        pnpm exec playwright show-trace test-results/features-notifications-Fea-301cd-Notifications-일정-생성-시-알림-설정-chromium/trace.zip

    ────────────────────────────────────────────────────────────────────────────────────────────────

  29) [chromium] › e2e/tests-refactored/features/notifications.spec.ts:54:3 › Feature: 일정 알림 (Notifications) › 다양한 알림 시간 설정 

    TimeoutError: locator.waitFor: Timeout 3000ms exceeded.
    Call log:
    [2m  - waiting for getByLabel('알림 설정') to be visible[22m


       at ../pages/BasePage.ts:46

      44 |
      45 |     // 요소가 클릭 가능해질 때까지 대기
    > 46 |     await dropdown.waitFor({ timeout: 3000 });
         |                    ^
      47 |
      48 |     // force: true를 사용해서 Dialog 차단을 무시
      49 |     await dropdown.click({ force: true, timeout: 2000 });
        at EventFormPage.selectDropdown (/Users/seednpc38/Documents/front_7th_chapter1-3/e2e/pages/BasePage.ts:46:20)
        at EventFormPage.selectNotification (/Users/seednpc38/Documents/front_7th_chapter1-3/e2e/pages/EventFormPage.ts:102:5)
        at EventFormPage.fillEventForm (/Users/seednpc38/Documents/front_7th_chapter1-3/e2e/pages/EventFormPage.ts:136:7)
        at /Users/seednpc38/Documents/front_7th_chapter1-3/e2e/tests-refactored/features/notifications.spec.ts:76:7

    attachment #1: screenshot (image/png) ──────────────────────────────────────────────────────────
    test-results/features-notifications-Fea-8c312--Notifications-다양한-알림-시간-설정-chromium/test-failed-1.png
    ────────────────────────────────────────────────────────────────────────────────────────────────

    Error Context: test-results/features-notifications-Fea-8c312--Notifications-다양한-알림-시간-설정-chromium/error-context.md

    attachment #3: trace (application/zip) ─────────────────────────────────────────────────────────
    test-results/features-notifications-Fea-8c312--Notifications-다양한-알림-시간-설정-chromium/trace.zip
    Usage:

        pnpm exec playwright show-trace test-results/features-notifications-Fea-8c312--Notifications-다양한-알림-시간-설정-chromium/trace.zip

    ────────────────────────────────────────────────────────────────────────────────────────────────

  30) [chromium] › e2e/tests-refactored/features/notifications.spec.ts:98:3 › Feature: 일정 알림 (Notifications) › 알림 없음 설정 

    TimeoutError: locator.fill: Timeout 10000ms exceeded.
    Call log:
    [2m  - waiting for getByLabel('알림|Notification')[22m


      114 |     const notificationSelect = await formPage.page.getByLabel('알림|Notification');
      115 |     if (notificationSelect) {
    > 116 |       await notificationSelect.fill('알림 없음');
          |                                ^
      117 |     }
      118 |     await formPage.clickAddEvent();
      119 |
        at /Users/seednpc38/Documents/front_7th_chapter1-3/e2e/tests-refactored/features/notifications.spec.ts:116:32

    attachment #1: screenshot (image/png) ──────────────────────────────────────────────────────────
    test-results/features-notifications-Feature-일정-알림-Notifications-알림-없음-설정-chromium/test-failed-1.png
    ────────────────────────────────────────────────────────────────────────────────────────────────

    Error Context: test-results/features-notifications-Feature-일정-알림-Notifications-알림-없음-설정-chromium/error-context.md

    attachment #3: trace (application/zip) ─────────────────────────────────────────────────────────
    test-results/features-notifications-Feature-일정-알림-Notifications-알림-없음-설정-chromium/trace.zip
    Usage:

        pnpm exec playwright show-trace test-results/features-notifications-Feature-일정-알림-Notifications-알림-없음-설정-chromium/trace.zip

    ────────────────────────────────────────────────────────────────────────────────────────────────

  31) [chromium] › e2e/tests-refactored/features/notifications.spec.ts:125:3 › Feature: 일정 알림 (Notifications) › 일정 수정 시 알림 설정 변경 

    TimeoutError: locator.waitFor: Timeout 3000ms exceeded.
    Call log:
    [2m  - waiting for getByLabel('알림 설정') to be visible[22m


       at ../pages/BasePage.ts:46

      44 |
      45 |     // 요소가 클릭 가능해질 때까지 대기
    > 46 |     await dropdown.waitFor({ timeout: 3000 });
         |                    ^
      47 |
      48 |     // force: true를 사용해서 Dialog 차단을 무시
      49 |     await dropdown.click({ force: true, timeout: 2000 });
        at EventFormPage.selectDropdown (/Users/seednpc38/Documents/front_7th_chapter1-3/e2e/pages/BasePage.ts:46:20)
        at EventFormPage.selectNotification (/Users/seednpc38/Documents/front_7th_chapter1-3/e2e/pages/EventFormPage.ts:102:5)
        at EventFormPage.fillEventForm (/Users/seednpc38/Documents/front_7th_chapter1-3/e2e/pages/EventFormPage.ts:136:7)
        at /Users/seednpc38/Documents/front_7th_chapter1-3/e2e/tests-refactored/features/notifications.spec.ts:140:5

    attachment #1: screenshot (image/png) ──────────────────────────────────────────────────────────
    test-results/features-notifications-Fea-385b7-ifications-일정-수정-시-알림-설정-변경-chromium/test-failed-1.png
    ────────────────────────────────────────────────────────────────────────────────────────────────

    Error Context: test-results/features-notifications-Fea-385b7-ifications-일정-수정-시-알림-설정-변경-chromium/error-context.md

    attachment #3: trace (application/zip) ─────────────────────────────────────────────────────────
    test-results/features-notifications-Fea-385b7-ifications-일정-수정-시-알림-설정-변경-chromium/trace.zip
    Usage:

        pnpm exec playwright show-trace test-results/features-notifications-Fea-385b7-ifications-일정-수정-시-알림-설정-변경-chromium/trace.zip

    ────────────────────────────────────────────────────────────────────────────────────────────────

  32) [chromium] › e2e/tests-refactored/features/notifications.spec.ts:189:3 › Feature: 일정 알림 (Notifications) › 알림 시간이 일정 시작 시간보다 전에 설정됨 

    TimeoutError: locator.waitFor: Timeout 3000ms exceeded.
    Call log:
    [2m  - waiting for getByLabel('알림 설정') to be visible[22m


       at ../pages/BasePage.ts:46

      44 |
      45 |     // 요소가 클릭 가능해질 때까지 대기
    > 46 |     await dropdown.waitFor({ timeout: 3000 });
         |                    ^
      47 |
      48 |     // force: true를 사용해서 Dialog 차단을 무시
      49 |     await dropdown.click({ force: true, timeout: 2000 });
        at EventFormPage.selectDropdown (/Users/seednpc38/Documents/front_7th_chapter1-3/e2e/pages/BasePage.ts:46:20)
        at EventFormPage.selectNotification (/Users/seednpc38/Documents/front_7th_chapter1-3/e2e/pages/EventFormPage.ts:102:5)
        at EventFormPage.fillEventForm (/Users/seednpc38/Documents/front_7th_chapter1-3/e2e/pages/EventFormPage.ts:136:7)
        at /Users/seednpc38/Documents/front_7th_chapter1-3/e2e/tests-refactored/features/notifications.spec.ts:203:5

    attachment #1: screenshot (image/png) ──────────────────────────────────────────────────────────
    test-results/features-notifications-Fea-34665-ns-알림-시간이-일정-시작-시간보다-전에-설정됨-chromium/test-failed-1.png
    ────────────────────────────────────────────────────────────────────────────────────────────────

    Error Context: test-results/features-notifications-Fea-34665-ns-알림-시간이-일정-시작-시간보다-전에-설정됨-chromium/error-context.md

    attachment #3: trace (application/zip) ─────────────────────────────────────────────────────────
    test-results/features-notifications-Fea-34665-ns-알림-시간이-일정-시작-시간보다-전에-설정됨-chromium/trace.zip
    Usage:

        pnpm exec playwright show-trace test-results/features-notifications-Fea-34665-ns-알림-시간이-일정-시작-시간보다-전에-설정됨-chromium/trace.zip

    ────────────────────────────────────────────────────────────────────────────────────────────────

  33) [chromium] › e2e/tests-refactored/features/notifications.spec.ts:218:3 › Feature: 일정 알림 (Notifications) › 여러 일정에 다양한 알림 설정 

    TimeoutError: locator.waitFor: Timeout 3000ms exceeded.
    Call log:
    [2m  - waiting for getByLabel('알림 설정') to be visible[22m


       at ../pages/BasePage.ts:46

      44 |
      45 |     // 요소가 클릭 가능해질 때까지 대기
    > 46 |     await dropdown.waitFor({ timeout: 3000 });
         |                    ^
      47 |
      48 |     // force: true를 사용해서 Dialog 차단을 무시
      49 |     await dropdown.click({ force: true, timeout: 2000 });
        at EventFormPage.selectDropdown (/Users/seednpc38/Documents/front_7th_chapter1-3/e2e/pages/BasePage.ts:46:20)
        at EventFormPage.selectNotification (/Users/seednpc38/Documents/front_7th_chapter1-3/e2e/pages/EventFormPage.ts:102:5)
        at EventFormPage.fillEventForm (/Users/seednpc38/Documents/front_7th_chapter1-3/e2e/pages/EventFormPage.ts:136:7)
        at /Users/seednpc38/Documents/front_7th_chapter1-3/e2e/tests-refactored/features/notifications.spec.ts:239:7

    attachment #1: screenshot (image/png) ──────────────────────────────────────────────────────────
    test-results/features-notifications-Fea-7f82e-ifications-여러-일정에-다양한-알림-설정-chromium/test-failed-1.png
    ────────────────────────────────────────────────────────────────────────────────────────────────

    Error Context: test-results/features-notifications-Fea-7f82e-ifications-여러-일정에-다양한-알림-설정-chromium/error-context.md

    attachment #3: trace (application/zip) ─────────────────────────────────────────────────────────
    test-results/features-notifications-Fea-7f82e-ifications-여러-일정에-다양한-알림-설정-chromium/trace.zip
    Usage:

        pnpm exec playwright show-trace test-results/features-notifications-Fea-7f82e-ifications-여러-일정에-다양한-알림-설정-chromium/trace.zip

    ────────────────────────────────────────────────────────────────────────────────────────────────

  34) [chromium] › e2e/tests-refactored/features/notifications.spec.ts:279:3 › Feature: 일정 알림 (Notifications) › 특수문자 제목의 일정에 알림 설정 

    TimeoutError: locator.fill: Timeout 10000ms exceeded.
    Call log:
    [2m  - waiting for getByLabel('알림|Notification')[22m


      290 |     const notificationSelect = await formPage.page.getByLabel('알림|Notification');
      291 |     if (notificationSelect) {
    > 292 |       await notificationSelect.fill('15분 전');
          |                                ^
      293 |     }
      294 |
      295 |     await formPage.clickAddEvent();
        at /Users/seednpc38/Documents/front_7th_chapter1-3/e2e/tests-refactored/features/notifications.spec.ts:292:32

    attachment #1: screenshot (image/png) ──────────────────────────────────────────────────────────
    test-results/features-notifications-Fea-af887-ications-특수문자-제목의-일정에-알림-설정-chromium/test-failed-1.png
    ────────────────────────────────────────────────────────────────────────────────────────────────

    Error Context: test-results/features-notifications-Fea-af887-ications-특수문자-제목의-일정에-알림-설정-chromium/error-context.md

    attachment #3: trace (application/zip) ─────────────────────────────────────────────────────────
    test-results/features-notifications-Fea-af887-ications-특수문자-제목의-일정에-알림-설정-chromium/trace.zip
    Usage:

        pnpm exec playwright show-trace test-results/features-notifications-Fea-af887-ications-특수문자-제목의-일정에-알림-설정-chromium/trace.zip

    ────────────────────────────────────────────────────────────────────────────────────────────────

  35) [chromium] › e2e/tests-refactored/features/overlapping.spec.ts:28:3 › Feature: 일정 겹침 감지 (Overlapping Events) › 겹치는 일정 생성 시 경고 표시 

    Error: 일정 "기본 일정"을(를) 찾을 수 없습니다

       at ../pages/EventListPage.ts:102

      100 |       await this.getEventByTitle(title).waitFor({ timeout });
      101 |     } catch {
    > 102 |       throw new Error(`일정 "${title}"을(를) 찾을 수 없습니다`);
          |             ^
      103 |     }
      104 |   }
      105 |
        at EventListPage.waitForEvent (/Users/seednpc38/Documents/front_7th_chapter1-3/e2e/pages/EventListPage.ts:102:13)
        at /Users/seednpc38/Documents/front_7th_chapter1-3/e2e/tests-refactored/features/overlapping.spec.ts:51:5

    attachment #1: screenshot (image/png) ──────────────────────────────────────────────────────────
    test-results/features-overlapping-Featu-ce54d-ng-Events-겹치는-일정-생성-시-경고-표시-chromium/test-failed-1.png
    ────────────────────────────────────────────────────────────────────────────────────────────────

    Error Context: test-results/features-overlapping-Featu-ce54d-ng-Events-겹치는-일정-생성-시-경고-표시-chromium/error-context.md

    attachment #3: trace (application/zip) ─────────────────────────────────────────────────────────
    test-results/features-overlapping-Featu-ce54d-ng-Events-겹치는-일정-생성-시-경고-표시-chromium/trace.zip
    Usage:

        pnpm exec playwright show-trace test-results/features-overlapping-Featu-ce54d-ng-Events-겹치는-일정-생성-시-경고-표시-chromium/trace.zip

    ────────────────────────────────────────────────────────────────────────────────────────────────

  36) [chromium] › e2e/tests-refactored/features/overlapping.spec.ts:63:3 › Feature: 일정 겹침 감지 (Overlapping Events) › 겹침 경고 무시하고 계속 진행 

    Error: 일정 "기본 일정"을(를) 찾을 수 없습니다

       at ../pages/EventListPage.ts:102

      100 |       await this.getEventByTitle(title).waitFor({ timeout });
      101 |     } catch {
    > 102 |       throw new Error(`일정 "${title}"을(를) 찾을 수 없습니다`);
          |             ^
      103 |     }
      104 |   }
      105 |
        at EventListPage.waitForEvent (/Users/seednpc38/Documents/front_7th_chapter1-3/e2e/pages/EventListPage.ts:102:13)
        at /Users/seednpc38/Documents/front_7th_chapter1-3/e2e/tests-refactored/features/overlapping.spec.ts:86:5

    attachment #1: screenshot (image/png) ──────────────────────────────────────────────────────────
    test-results/features-overlapping-Featu-6c4a1-ing-Events-겹침-경고-무시하고-계속-진행-chromium/test-failed-1.png
    ────────────────────────────────────────────────────────────────────────────────────────────────

    Error Context: test-results/features-overlapping-Featu-6c4a1-ing-Events-겹침-경고-무시하고-계속-진행-chromium/error-context.md

    attachment #3: trace (application/zip) ─────────────────────────────────────────────────────────
    test-results/features-overlapping-Featu-6c4a1-ing-Events-겹침-경고-무시하고-계속-진행-chromium/trace.zip
    Usage:

        pnpm exec playwright show-trace test-results/features-overlapping-Featu-6c4a1-ing-Events-겹침-경고-무시하고-계속-진행-chromium/trace.zip

    ────────────────────────────────────────────────────────────────────────────────────────────────

  37) [chromium] › e2e/tests-refactored/features/overlapping.spec.ts:105:3 › Feature: 일정 겹침 감지 (Overlapping Events) › 겹침 경고 취소하면 일정이 생성되지 않음 

    Error: 일정 "기본 일정"을(를) 찾을 수 없습니다

       at ../pages/EventListPage.ts:102

      100 |       await this.getEventByTitle(title).waitFor({ timeout });
      101 |     } catch {
    > 102 |       throw new Error(`일정 "${title}"을(를) 찾을 수 없습니다`);
          |             ^
      103 |     }
      104 |   }
      105 |
        at EventListPage.waitForEvent (/Users/seednpc38/Documents/front_7th_chapter1-3/e2e/pages/EventListPage.ts:102:13)
        at /Users/seednpc38/Documents/front_7th_chapter1-3/e2e/tests-refactored/features/overlapping.spec.ts:128:5

    attachment #1: screenshot (image/png) ──────────────────────────────────────────────────────────
    test-results/features-overlapping-Featu-cefd7-ents-겹침-경고-취소하면-일정이-생성되지-않음-chromium/test-failed-1.png
    ────────────────────────────────────────────────────────────────────────────────────────────────

    Error Context: test-results/features-overlapping-Featu-cefd7-ents-겹침-경고-취소하면-일정이-생성되지-않음-chromium/error-context.md

    attachment #3: trace (application/zip) ─────────────────────────────────────────────────────────
    test-results/features-overlapping-Featu-cefd7-ents-겹침-경고-취소하면-일정이-생성되지-않음-chromium/trace.zip
    Usage:

        pnpm exec playwright show-trace test-results/features-overlapping-Featu-cefd7-ents-겹침-경고-취소하면-일정이-생성되지-않음-chromium/trace.zip

    ────────────────────────────────────────────────────────────────────────────────────────────────

  38) [chromium] › e2e/tests-refactored/features/overlapping.spec.ts:146:3 › Feature: 일정 겹침 감지 (Overlapping Events) › 정확히 겹치는 시간대의 일정 감지 

    [31mTest timeout of 30000ms exceeded.[39m

    Error: page.waitForResponse: Test timeout of 30000ms exceeded.

       at ../pages/EventFormPage.ts:176

      174 |   async clickAddEvent(): Promise<void> {
      175 |     // API 요청이 나가도록 대기하는 프로미스
    > 176 |     const responsePromise = this.page.waitForResponse(
          |                                       ^
      177 |       (response) =>
      178 |         response.url().includes('/api/events') &&
      179 |         response.request().method() === 'POST' &&
        at EventFormPage.clickAddEvent (/Users/seednpc38/Documents/front_7th_chapter1-3/e2e/pages/EventFormPage.ts:176:39)
        at /Users/seednpc38/Documents/front_7th_chapter1-3/e2e/tests-refactored/features/overlapping.spec.ts:174:20

    Error: locator.click: Test timeout of 30000ms exceeded.
    Call log:
    [2m  - waiting for getByRole('button', { name: '일정 추가' })[22m


       at ../pages/BasePage.ts:19

      17 |    */
      18 |   async clickButton(buttonText: string): Promise<void> {
    > 19 |     await this.page.getByRole('button', { name: buttonText }).click();
         |                                                               ^
      20 |   }
      21 |
      22 |   /**
        at EventFormPage.clickButton (/Users/seednpc38/Documents/front_7th_chapter1-3/e2e/pages/BasePage.ts:19:63)
        at EventFormPage.clickAddEvent (/Users/seednpc38/Documents/front_7th_chapter1-3/e2e/pages/EventFormPage.ts:185:16)
        at /Users/seednpc38/Documents/front_7th_chapter1-3/e2e/tests-refactored/features/overlapping.spec.ts:174:20

    attachment #1: screenshot (image/png) ──────────────────────────────────────────────────────────
    test-results/features-overlapping-Featu-86d9a-g-Events-정확히-겹치는-시간대의-일정-감지-chromium/test-failed-1.png
    ────────────────────────────────────────────────────────────────────────────────────────────────

    Error Context: test-results/features-overlapping-Featu-86d9a-g-Events-정확히-겹치는-시간대의-일정-감지-chromium/error-context.md

    attachment #3: trace (application/zip) ─────────────────────────────────────────────────────────
    test-results/features-overlapping-Featu-86d9a-g-Events-정확히-겹치는-시간대의-일정-감지-chromium/trace.zip
    Usage:

        pnpm exec playwright show-trace test-results/features-overlapping-Featu-86d9a-g-Events-정확히-겹치는-시간대의-일정-감지-chromium/trace.zip

    ────────────────────────────────────────────────────────────────────────────────────────────────

  39) [chromium] › e2e/tests-refactored/features/overlapping.spec.ts:181:3 › Feature: 일정 겹침 감지 (Overlapping Events) › 일정의 경계가 겹칠 때 경고 표시 

    Error: 일정 "일정 1 - 10시부터"을(를) 찾을 수 없습니다

       at ../pages/EventListPage.ts:102

      100 |       await this.getEventByTitle(title).waitFor({ timeout });
      101 |     } catch {
    > 102 |       throw new Error(`일정 "${title}"을(를) 찾을 수 없습니다`);
          |             ^
      103 |     }
      104 |   }
      105 |
        at EventListPage.waitForEvent (/Users/seednpc38/Documents/front_7th_chapter1-3/e2e/pages/EventListPage.ts:102:13)
        at /Users/seednpc38/Documents/front_7th_chapter1-3/e2e/tests-refactored/features/overlapping.spec.ts:204:5

    attachment #1: screenshot (image/png) ──────────────────────────────────────────────────────────
    test-results/features-overlapping-Featu-0fd29-g-Events-일정의-경계가-겹칠-때-경고-표시-chromium/test-failed-1.png
    ────────────────────────────────────────────────────────────────────────────────────────────────

    Error Context: test-results/features-overlapping-Featu-0fd29-g-Events-일정의-경계가-겹칠-때-경고-표시-chromium/error-context.md

    attachment #3: trace (application/zip) ─────────────────────────────────────────────────────────
    test-results/features-overlapping-Featu-0fd29-g-Events-일정의-경계가-겹칠-때-경고-표시-chromium/trace.zip
    Usage:

        pnpm exec playwright show-trace test-results/features-overlapping-Featu-0fd29-g-Events-일정의-경계가-겹칠-때-경고-표시-chromium/trace.zip

    ────────────────────────────────────────────────────────────────────────────────────────────────

  40) [chromium] › e2e/tests-refactored/features/overlapping.spec.ts:216:3 › Feature: 일정 겹침 감지 (Overlapping Events) › 다른 날짜의 일정은 겹침 감지 안 함 

    Error: 일정 "일정 1 - 11월 15일"을(를) 찾을 수 없습니다

       at ../pages/EventListPage.ts:102

      100 |       await this.getEventByTitle(title).waitFor({ timeout });
      101 |     } catch {
    > 102 |       throw new Error(`일정 "${title}"을(를) 찾을 수 없습니다`);
          |             ^
      103 |     }
      104 |   }
      105 |
        at EventListPage.waitForEvent (/Users/seednpc38/Documents/front_7th_chapter1-3/e2e/pages/EventListPage.ts:102:13)
        at /Users/seednpc38/Documents/front_7th_chapter1-3/e2e/tests-refactored/features/overlapping.spec.ts:239:5

    attachment #1: screenshot (image/png) ──────────────────────────────────────────────────────────
    test-results/features-overlapping-Featu-662a3-Events-다른-날짜의-일정은-겹침-감지-안-함-chromium/test-failed-1.png
    ────────────────────────────────────────────────────────────────────────────────────────────────

    Error Context: test-results/features-overlapping-Featu-662a3-Events-다른-날짜의-일정은-겹침-감지-안-함-chromium/error-context.md

    attachment #3: trace (application/zip) ─────────────────────────────────────────────────────────
    test-results/features-overlapping-Featu-662a3-Events-다른-날짜의-일정은-겹침-감지-안-함-chromium/trace.zip
    Usage:

        pnpm exec playwright show-trace test-results/features-overlapping-Featu-662a3-Events-다른-날짜의-일정은-겹침-감지-안-함-chromium/trace.zip

    ────────────────────────────────────────────────────────────────────────────────────────────────

  41) [chromium] › e2e/tests-refactored/features/overlapping.spec.ts:257:3 › Feature: 일정 겹침 감지 (Overlapping Events) › 부분적으로 겹치는 일정 감지 

    Error: 일정 "기본 일정 - 2시간"을(를) 찾을 수 없습니다

       at ../pages/EventListPage.ts:102

      100 |       await this.getEventByTitle(title).waitFor({ timeout });
      101 |     } catch {
    > 102 |       throw new Error(`일정 "${title}"을(를) 찾을 수 없습니다`);
          |             ^
      103 |     }
      104 |   }
      105 |
        at EventListPage.waitForEvent (/Users/seednpc38/Documents/front_7th_chapter1-3/e2e/pages/EventListPage.ts:102:13)
        at /Users/seednpc38/Documents/front_7th_chapter1-3/e2e/tests-refactored/features/overlapping.spec.ts:280:5

    attachment #1: screenshot (image/png) ──────────────────────────────────────────────────────────
    test-results/features-overlapping-Featu-c9dbc-ping-Events-부분적으로-겹치는-일정-감지-chromium/test-failed-1.png
    ────────────────────────────────────────────────────────────────────────────────────────────────

    Error Context: test-results/features-overlapping-Featu-c9dbc-ping-Events-부분적으로-겹치는-일정-감지-chromium/error-context.md

    attachment #3: trace (application/zip) ─────────────────────────────────────────────────────────
    test-results/features-overlapping-Featu-c9dbc-ping-Events-부분적으로-겹치는-일정-감지-chromium/trace.zip
    Usage:

        pnpm exec playwright show-trace test-results/features-overlapping-Featu-c9dbc-ping-Events-부분적으로-겹치는-일정-감지-chromium/trace.zip

    ────────────────────────────────────────────────────────────────────────────────────────────────

  42) [chromium] › e2e/tests-refactored/features/overlapping.spec.ts:292:3 › Feature: 일정 겹침 감지 (Overlapping Events) › 여러 일정과 겹치는 경우 경고 표시 

    [31mTest timeout of 30000ms exceeded.[39m

    TimeoutError: page.waitForResponse: Timeout 8000ms exceeded while waiting for event "response"

       at ../pages/EventFormPage.ts:176

      174 |   async clickAddEvent(): Promise<void> {
      175 |     // API 요청이 나가도록 대기하는 프로미스
    > 176 |     const responsePromise = this.page.waitForResponse(
          |                                       ^
      177 |       (response) =>
      178 |         response.url().includes('/api/events') &&
      179 |         response.request().method() === 'POST' &&
        at EventFormPage.clickAddEvent (/Users/seednpc38/Documents/front_7th_chapter1-3/e2e/pages/EventFormPage.ts:176:39)
        at /Users/seednpc38/Documents/front_7th_chapter1-3/e2e/tests-refactored/features/overlapping.spec.ts:326:20

    Error: locator.click: Test ended.
    Call log:
    [2m  - waiting for getByRole('button', { name: '일정 추가' })[22m


       at ../pages/BasePage.ts:19

      17 |    */
      18 |   async clickButton(buttonText: string): Promise<void> {
    > 19 |     await this.page.getByRole('button', { name: buttonText }).click();
         |                                                               ^
      20 |   }
      21 |
      22 |   /**
        at EventFormPage.clickButton (/Users/seednpc38/Documents/front_7th_chapter1-3/e2e/pages/BasePage.ts:19:63)
        at EventFormPage.clickAddEvent (/Users/seednpc38/Documents/front_7th_chapter1-3/e2e/pages/EventFormPage.ts:185:16)
        at /Users/seednpc38/Documents/front_7th_chapter1-3/e2e/tests-refactored/features/overlapping.spec.ts:326:20

    Error: End of central directory record signature not found. Either not a zip file, or file is truncated.

    attachment #1: screenshot (image/png) ──────────────────────────────────────────────────────────
    test-results/features-overlapping-Featu-a3ab7--Events-여러-일정과-겹치는-경우-경고-표시-chromium/test-failed-1.png
    ────────────────────────────────────────────────────────────────────────────────────────────────

    Error Context: test-results/features-overlapping-Featu-a3ab7--Events-여러-일정과-겹치는-경우-경고-표시-chromium/error-context.md

  43) [chromium] › e2e/tests-refactored/features/overlapping.spec.ts:339:3 › Feature: 일정 겹침 감지 (Overlapping Events) › 겹침 경고에 다른 일정 정보 표시 

    Error: 일정 "기본 일정 - 겹침 정보 표시"을(를) 찾을 수 없습니다

       at ../pages/EventListPage.ts:102

      100 |       await this.getEventByTitle(title).waitFor({ timeout });
      101 |     } catch {
    > 102 |       throw new Error(`일정 "${title}"을(를) 찾을 수 없습니다`);
          |             ^
      103 |     }
      104 |   }
      105 |
        at EventListPage.waitForEvent (/Users/seednpc38/Documents/front_7th_chapter1-3/e2e/pages/EventListPage.ts:102:13)
        at /Users/seednpc38/Documents/front_7th_chapter1-3/e2e/tests-refactored/features/overlapping.spec.ts:362:5

    attachment #1: screenshot (image/png) ──────────────────────────────────────────────────────────
    test-results/features-overlapping-Featu-bdfd8-g-Events-겹침-경고에-다른-일정-정보-표시-chromium/test-failed-1.png
    ────────────────────────────────────────────────────────────────────────────────────────────────

    Error Context: test-results/features-overlapping-Featu-bdfd8-g-Events-겹침-경고에-다른-일정-정보-표시-chromium/error-context.md

    attachment #3: trace (application/zip) ─────────────────────────────────────────────────────────
    test-results/features-overlapping-Featu-bdfd8-g-Events-겹침-경고에-다른-일정-정보-표시-chromium/trace.zip
    Usage:

        pnpm exec playwright show-trace test-results/features-overlapping-Featu-bdfd8-g-Events-겹침-경고에-다른-일정-정보-표시-chromium/trace.zip

    ────────────────────────────────────────────────────────────────────────────────────────────────

  44) [chromium] › e2e/tests-refactored/features/recurring.spec.ts:28:3 › Feature: 반복 일정 (Recurring Events) › 일간 반복 일정 생성 

    Error: locator.fill: Error: Input of type "checkbox" cannot be filled
    Call log:
    [2m  - waiting for getByLabel('반복')[22m
    [2m    - locator resolved to <input type="checkbox" data-indeterminate="false" class="PrivateSwitchBase-input css-12xagqm-MuiSwitchBase-root"/>[22m
    [2m    - fill("매일")[22m
    [2m  - attempting fill action[22m
    [2m    - waiting for element to be visible, enabled and editable[22m


      40 |     const repeatSelect = await formPage.page.getByLabel('반복');
      41 |     if (repeatSelect) {
    > 42 |       await repeatSelect.fill('매일');
         |                          ^
      43 |     }
      44 |
      45 |     await formPage.clickAddEvent();
        at /Users/seednpc38/Documents/front_7th_chapter1-3/e2e/tests-refactored/features/recurring.spec.ts:42:26

    attachment #1: screenshot (image/png) ──────────────────────────────────────────────────────────
    test-results/features-recurring-Feature-bc6ca-ecurring-Events-일간-반복-일정-생성-chromium/test-failed-1.png
    ────────────────────────────────────────────────────────────────────────────────────────────────

    Error Context: test-results/features-recurring-Feature-bc6ca-ecurring-Events-일간-반복-일정-생성-chromium/error-context.md

    attachment #3: trace (application/zip) ─────────────────────────────────────────────────────────
    test-results/features-recurring-Feature-bc6ca-ecurring-Events-일간-반복-일정-생성-chromium/trace.zip
    Usage:

        pnpm exec playwright show-trace test-results/features-recurring-Feature-bc6ca-ecurring-Events-일간-반복-일정-생성-chromium/trace.zip

    ────────────────────────────────────────────────────────────────────────────────────────────────

  45) [chromium] › e2e/tests-refactored/features/recurring.spec.ts:53:3 › Feature: 반복 일정 (Recurring Events) › 주간 반복 일정 생성 

    Error: locator.fill: Error: Input of type "checkbox" cannot be filled
    Call log:
    [2m  - waiting for getByLabel('반복')[22m
    [2m    - locator resolved to <input type="checkbox" data-indeterminate="false" class="PrivateSwitchBase-input css-12xagqm-MuiSwitchBase-root"/>[22m
    [2m    - fill("매주")[22m
    [2m  - attempting fill action[22m
    [2m    - waiting for element to be visible, enabled and editable[22m


      65 |     const repeatSelect = await formPage.page.getByLabel('반복');
      66 |     if (repeatSelect) {
    > 67 |       await repeatSelect.fill('매주');
         |                          ^
      68 |     }
      69 |
      70 |     await formPage.clickAddEvent();
        at /Users/seednpc38/Documents/front_7th_chapter1-3/e2e/tests-refactored/features/recurring.spec.ts:67:26

    attachment #1: screenshot (image/png) ──────────────────────────────────────────────────────────
    test-results/features-recurring-Feature-870e8-ecurring-Events-주간-반복-일정-생성-chromium/test-failed-1.png
    ────────────────────────────────────────────────────────────────────────────────────────────────

    Error Context: test-results/features-recurring-Feature-870e8-ecurring-Events-주간-반복-일정-생성-chromium/error-context.md

    attachment #3: trace (application/zip) ─────────────────────────────────────────────────────────
    test-results/features-recurring-Feature-870e8-ecurring-Events-주간-반복-일정-생성-chromium/trace.zip
    Usage:

        pnpm exec playwright show-trace test-results/features-recurring-Feature-870e8-ecurring-Events-주간-반복-일정-생성-chromium/trace.zip

    ────────────────────────────────────────────────────────────────────────────────────────────────

  46) [chromium] › e2e/tests-refactored/features/recurring.spec.ts:77:3 › Feature: 반복 일정 (Recurring Events) › 반복 일정 수정 - 이 일정만 수정 

    Error: locator.fill: Error: Input of type "checkbox" cannot be filled
    Call log:
    [2m  - waiting for getByLabel('반복')[22m
    [2m    - locator resolved to <input type="checkbox" data-indeterminate="false" class="PrivateSwitchBase-input css-12xagqm-MuiSwitchBase-root"/>[22m
    [2m    - fill("매일")[22m
    [2m  - attempting fill action[22m
    [2m    - waiting for element to be visible, enabled and editable[22m


      87 |     const repeatSelect = await formPage.page.getByLabel('반복');
      88 |     if (repeatSelect) {
    > 89 |       await repeatSelect.fill('매일');
         |                          ^
      90 |     }
      91 |     await formPage.clickAddEvent();
      92 |     await listPage.waitForEvent(eventData.title);
        at /Users/seednpc38/Documents/front_7th_chapter1-3/e2e/tests-refactored/features/recurring.spec.ts:89:26

    attachment #1: screenshot (image/png) ──────────────────────────────────────────────────────────
    test-results/features-recurring-Feature-6f4ce--Events-반복-일정-수정---이-일정만-수정-chromium/test-failed-1.png
    ────────────────────────────────────────────────────────────────────────────────────────────────

    Error Context: test-results/features-recurring-Feature-6f4ce--Events-반복-일정-수정---이-일정만-수정-chromium/error-context.md

    attachment #3: trace (application/zip) ─────────────────────────────────────────────────────────
    test-results/features-recurring-Feature-6f4ce--Events-반복-일정-수정---이-일정만-수정-chromium/trace.zip
    Usage:

        pnpm exec playwright show-trace test-results/features-recurring-Feature-6f4ce--Events-반복-일정-수정---이-일정만-수정-chromium/trace.zip

    ────────────────────────────────────────────────────────────────────────────────────────────────

  47) [chromium] › e2e/tests-refactored/features/recurring.spec.ts:116:3 › Feature: 반복 일정 (Recurring Events) › 반복 일정 수정 - 모든 일정 수정 

    Error: locator.fill: Error: Input of type "checkbox" cannot be filled
    Call log:
    [2m  - waiting for getByLabel('반복')[22m
    [2m    - locator resolved to <input type="checkbox" data-indeterminate="false" class="PrivateSwitchBase-input css-12xagqm-MuiSwitchBase-root"/>[22m
    [2m    - fill("매일")[22m
    [2m  - attempting fill action[22m
    [2m    - waiting for element to be visible, enabled and editable[22m


      126 |     const repeatSelect = await formPage.page.getByLabel('반복');
      127 |     if (repeatSelect) {
    > 128 |       await repeatSelect.fill('매일');
          |                          ^
      129 |     }
      130 |     await formPage.clickAddEvent();
      131 |     await listPage.waitForEvent(eventData.title);
        at /Users/seednpc38/Documents/front_7th_chapter1-3/e2e/tests-refactored/features/recurring.spec.ts:128:26

    attachment #1: screenshot (image/png) ──────────────────────────────────────────────────────────
    test-results/features-recurring-Feature-a46e8--Events-반복-일정-수정---모든-일정-수정-chromium/test-failed-1.png
    ────────────────────────────────────────────────────────────────────────────────────────────────

    Error Context: test-results/features-recurring-Feature-a46e8--Events-반복-일정-수정---모든-일정-수정-chromium/error-context.md

    attachment #3: trace (application/zip) ─────────────────────────────────────────────────────────
    test-results/features-recurring-Feature-a46e8--Events-반복-일정-수정---모든-일정-수정-chromium/trace.zip
    Usage:

        pnpm exec playwright show-trace test-results/features-recurring-Feature-a46e8--Events-반복-일정-수정---모든-일정-수정-chromium/trace.zip

    ────────────────────────────────────────────────────────────────────────────────────────────────

  48) [chromium] › e2e/tests-refactored/features/recurring.spec.ts:156:3 › Feature: 반복 일정 (Recurring Events) › 반복 일정 삭제 - 이 일정만 삭제 

    Error: locator.fill: Error: Input of type "checkbox" cannot be filled
    Call log:
    [2m  - waiting for getByLabel('반복')[22m
    [2m    - locator resolved to <input type="checkbox" data-indeterminate="false" class="PrivateSwitchBase-input css-12xagqm-MuiSwitchBase-root"/>[22m
    [2m    - fill("매일")[22m
    [2m  - attempting fill action[22m
    [2m    - waiting for element to be visible, enabled and editable[22m


      166 |     const repeatSelect = await formPage.page.getByLabel('반복');
      167 |     if (repeatSelect) {
    > 168 |       await repeatSelect.fill('매일');
          |                          ^
      169 |     }
      170 |     await formPage.clickAddEvent();
      171 |     await listPage.waitForEvent(eventData.title);
        at /Users/seednpc38/Documents/front_7th_chapter1-3/e2e/tests-refactored/features/recurring.spec.ts:168:26

    attachment #1: screenshot (image/png) ──────────────────────────────────────────────────────────
    test-results/features-recurring-Feature-e37b0--Events-반복-일정-삭제---이-일정만-삭제-chromium/test-failed-1.png
    ────────────────────────────────────────────────────────────────────────────────────────────────

    Error Context: test-results/features-recurring-Feature-e37b0--Events-반복-일정-삭제---이-일정만-삭제-chromium/error-context.md

    attachment #3: trace (application/zip) ─────────────────────────────────────────────────────────
    test-results/features-recurring-Feature-e37b0--Events-반복-일정-삭제---이-일정만-삭제-chromium/trace.zip
    Usage:

        pnpm exec playwright show-trace test-results/features-recurring-Feature-e37b0--Events-반복-일정-삭제---이-일정만-삭제-chromium/trace.zip

    ────────────────────────────────────────────────────────────────────────────────────────────────

  49) [chromium] › e2e/tests-refactored/features/recurring.spec.ts:187:3 › Feature: 반복 일정 (Recurring Events) › 반복 일정 삭제 - 모든 일정 삭제 

    Error: locator.fill: Error: Input of type "checkbox" cannot be filled
    Call log:
    [2m  - waiting for getByLabel('반복')[22m
    [2m    - locator resolved to <input type="checkbox" data-indeterminate="false" class="PrivateSwitchBase-input css-12xagqm-MuiSwitchBase-root"/>[22m
    [2m    - fill("매일")[22m
    [2m  - attempting fill action[22m
    [2m    - waiting for element to be visible, enabled and editable[22m


      197 |     const repeatSelect = await formPage.page.getByLabel('반복');
      198 |     if (repeatSelect) {
    > 199 |       await repeatSelect.fill('매일');
          |                          ^
      200 |     }
      201 |     await formPage.clickAddEvent();
      202 |     await listPage.waitForEvent(eventData.title);
        at /Users/seednpc38/Documents/front_7th_chapter1-3/e2e/tests-refactored/features/recurring.spec.ts:199:26

    attachment #1: screenshot (image/png) ──────────────────────────────────────────────────────────
    test-results/features-recurring-Feature-d2634--Events-반복-일정-삭제---모든-일정-삭제-chromium/test-failed-1.png
    ────────────────────────────────────────────────────────────────────────────────────────────────

    Error Context: test-results/features-recurring-Feature-d2634--Events-반복-일정-삭제---모든-일정-삭제-chromium/error-context.md

    attachment #3: trace (application/zip) ─────────────────────────────────────────────────────────
    test-results/features-recurring-Feature-d2634--Events-반복-일정-삭제---모든-일정-삭제-chromium/trace.zip
    Usage:

        pnpm exec playwright show-trace test-results/features-recurring-Feature-d2634--Events-반복-일정-삭제---모든-일정-삭제-chromium/trace.zip

    ────────────────────────────────────────────────────────────────────────────────────────────────

  50) [chromium] › e2e/tests-refactored/features/recurring.spec.ts:218:3 › Feature: 반복 일정 (Recurring Events) › 반복 종료 날짜 설정 

    Error: locator.fill: Error: Input of type "checkbox" cannot be filled
    Call log:
    [2m  - waiting for getByLabel('반복')[22m
    [2m    - locator resolved to <input type="checkbox" data-indeterminate="false" class="PrivateSwitchBase-input css-12xagqm-MuiSwitchBase-root"/>[22m
    [2m    - fill("매일")[22m
    [2m  - attempting fill action[22m
    [2m    - waiting for element to be visible, enabled and editable[22m


      236 |     const repeatSelect = await formPage.page.getByLabel('반복');
      237 |     if (repeatSelect) {
    > 238 |       await repeatSelect.fill('매일');
          |                          ^
      239 |     }
      240 |
      241 |     const endDateInput = await formPage.page.getByLabel('반복 종료|End Date');
        at /Users/seednpc38/Documents/front_7th_chapter1-3/e2e/tests-refactored/features/recurring.spec.ts:238:26

    attachment #1: screenshot (image/png) ──────────────────────────────────────────────────────────
    test-results/features-recurring-Feature-937e3-ecurring-Events-반복-종료-날짜-설정-chromium/test-failed-1.png
    ────────────────────────────────────────────────────────────────────────────────────────────────

    Error Context: test-results/features-recurring-Feature-937e3-ecurring-Events-반복-종료-날짜-설정-chromium/error-context.md

    attachment #3: trace (application/zip) ─────────────────────────────────────────────────────────
    test-results/features-recurring-Feature-937e3-ecurring-Events-반복-종료-날짜-설정-chromium/trace.zip
    Usage:

        pnpm exec playwright show-trace test-results/features-recurring-Feature-937e3-ecurring-Events-반복-종료-날짜-설정-chromium/trace.zip

    ────────────────────────────────────────────────────────────────────────────────────────────────

  51) [chromium] › e2e/tests-refactored/features/recurring.spec.ts:253:3 › Feature: 반복 일정 (Recurring Events) › 반복 간격 설정 (격주 또는 월 2회) 

    Error: locator.fill: Error: Input of type "checkbox" cannot be filled
    Call log:
    [2m  - waiting for getByLabel('반복')[22m
    [2m    - locator resolved to <input type="checkbox" data-indeterminate="false" class="PrivateSwitchBase-input css-12xagqm-MuiSwitchBase-root"/>[22m
    [2m    - fill("격주")[22m
    [2m  - attempting fill action[22m
    [2m    - waiting for element to be visible, enabled and editable[22m


      271 |     const repeatSelect = await formPage.page.getByLabel('반복');
      272 |     if (repeatSelect) {
    > 273 |       await repeatSelect.fill('격주');
          |                          ^
      274 |     }
      275 |
      276 |     await formPage.clickAddEvent();
        at /Users/seednpc38/Documents/front_7th_chapter1-3/e2e/tests-refactored/features/recurring.spec.ts:273:26

    attachment #1: screenshot (image/png) ──────────────────────────────────────────────────────────
    test-results/features-recurring-Feature-17212-Events-반복-간격-설정-격주-또는-월-2회--chromium/test-failed-1.png
    ────────────────────────────────────────────────────────────────────────────────────────────────

    Error Context: test-results/features-recurring-Feature-17212-Events-반복-간격-설정-격주-또는-월-2회--chromium/error-context.md

    attachment #3: trace (application/zip) ─────────────────────────────────────────────────────────
    test-results/features-recurring-Feature-17212-Events-반복-간격-설정-격주-또는-월-2회--chromium/trace.zip
    Usage:

        pnpm exec playwright show-trace test-results/features-recurring-Feature-17212-Events-반복-간격-설정-격주-또는-월-2회--chromium/trace.zip

    ────────────────────────────────────────────────────────────────────────────────────────────────

  52) [chromium] › e2e/tests-refactored/features/recurring.spec.ts:283:3 › Feature: 반복 일정 (Recurring Events) › 반복 일정 중 하나만 수정해도 반복 설정 유지 

    Error: locator.fill: Error: Input of type "checkbox" cannot be filled
    Call log:
    [2m  - waiting for getByLabel('반복')[22m
    [2m    - locator resolved to <input type="checkbox" data-indeterminate="false" class="PrivateSwitchBase-input css-12xagqm-MuiSwitchBase-root"/>[22m
    [2m    - fill("매주")[22m
    [2m  - attempting fill action[22m
    [2m    - waiting for element to be visible, enabled and editable[22m


      293 |     const repeatSelect = await formPage.page.getByLabel('반복');
      294 |     if (repeatSelect) {
    > 295 |       await repeatSelect.fill('매주');
          |                          ^
      296 |     }
      297 |     await formPage.clickAddEvent();
      298 |     await listPage.waitForEvent(eventData.title);
        at /Users/seednpc38/Documents/front_7th_chapter1-3/e2e/tests-refactored/features/recurring.spec.ts:295:26

    attachment #1: screenshot (image/png) ──────────────────────────────────────────────────────────
    test-results/features-recurring-Feature-5aac6-s-반복-일정-중-하나만-수정해도-반복-설정-유지-chromium/test-failed-1.png
    ────────────────────────────────────────────────────────────────────────────────────────────────

    Error Context: test-results/features-recurring-Feature-5aac6-s-반복-일정-중-하나만-수정해도-반복-설정-유지-chromium/error-context.md

    attachment #3: trace (application/zip) ─────────────────────────────────────────────────────────
    test-results/features-recurring-Feature-5aac6-s-반복-일정-중-하나만-수정해도-반복-설정-유지-chromium/trace.zip
    Usage:

        pnpm exec playwright show-trace test-results/features-recurring-Feature-5aac6-s-반복-일정-중-하나만-수정해도-반복-설정-유지-chromium/trace.zip

    ────────────────────────────────────────────────────────────────────────────────────────────────

  53) [chromium] › e2e/tests-refactored/features/recurring.spec.ts:321:3 › Feature: 반복 일정 (Recurring Events) › 월간 반복 일정 생성 

    Error: locator.fill: Error: Input of type "checkbox" cannot be filled
    Call log:
    [2m  - waiting for getByLabel('반복')[22m
    [2m    - locator resolved to <input type="checkbox" data-indeterminate="false" class="PrivateSwitchBase-input css-12xagqm-MuiSwitchBase-root"/>[22m
    [2m    - fill("매월")[22m
    [2m  - attempting fill action[22m
    [2m    - waiting for element to be visible, enabled and editable[22m


      339 |     const repeatSelect = await formPage.page.getByLabel('반복');
      340 |     if (repeatSelect) {
    > 341 |       await repeatSelect.fill('매월');
          |                          ^
      342 |     }
      343 |
      344 |     await formPage.clickAddEvent();
        at /Users/seednpc38/Documents/front_7th_chapter1-3/e2e/tests-refactored/features/recurring.spec.ts:341:26

    attachment #1: screenshot (image/png) ──────────────────────────────────────────────────────────
    test-results/features-recurring-Feature-5fa5d-ecurring-Events-월간-반복-일정-생성-chromium/test-failed-1.png
    ────────────────────────────────────────────────────────────────────────────────────────────────

    Error Context: test-results/features-recurring-Feature-5fa5d-ecurring-Events-월간-반복-일정-생성-chromium/error-context.md

    attachment #3: trace (application/zip) ─────────────────────────────────────────────────────────
    test-results/features-recurring-Feature-5fa5d-ecurring-Events-월간-반복-일정-생성-chromium/trace.zip
    Usage:

        pnpm exec playwright show-trace test-results/features-recurring-Feature-5fa5d-ecurring-Events-월간-반복-일정-생성-chromium/trace.zip

    ────────────────────────────────────────────────────────────────────────────────────────────────

  54) [chromium] › e2e/tests-refactored/features/search.spec.ts:87:3 › Feature: 일정 검색 및 필터링 (Search & Filter) › 검색 초기화 

    Error: [2mexpect([22m[31mreceived[39m[2m).[22mtoBeGreaterThan[2m([22m[32mexpected[39m[2m)[22m

    Expected: > [32m1[39m
    Received:   [31m0[39m

      103 |     // 모든 일정 확인
      104 |     const eventCount = await listPage.getEventCount();
    > 105 |     expect(eventCount).toBeGreaterThan(1);
          |                        ^
      106 |   });
      107 |
      108 |   test('검색 후 일정이 계속 표시됨', async ({ page, appContext }) => {
        at /Users/seednpc38/Documents/front_7th_chapter1-3/e2e/tests-refactored/features/search.spec.ts:105:24

    attachment #1: screenshot (image/png) ──────────────────────────────────────────────────────────
    test-results/features-search-Feature-일정-검색-및-필터링-Search-Filter-검색-초기화-chromium/test-failed-1.png
    ────────────────────────────────────────────────────────────────────────────────────────────────

    Error Context: test-results/features-search-Feature-일정-검색-및-필터링-Search-Filter-검색-초기화-chromium/error-context.md

    attachment #3: trace (application/zip) ─────────────────────────────────────────────────────────
    test-results/features-search-Feature-일정-검색-및-필터링-Search-Filter-검색-초기화-chromium/trace.zip
    Usage:

        pnpm exec playwright show-trace test-results/features-search-Feature-일정-검색-및-필터링-Search-Filter-검색-초기화-chromium/trace.zip

    ────────────────────────────────────────────────────────────────────────────────────────────────

  55) [chromium] › e2e/tests-refactored/features/search.spec.ts:128:3 › Feature: 일정 검색 및 필터링 (Search & Filter) › 검색 후 일정 클릭 

    Error: [2mexpect([22m[31mreceived[39m[2m).[22mtoBe[2m([22m[32mexpected[39m[2m) // Object.is equality[22m

    Expected: [32m"점심 약속"[39m
    Received: [31m""[39m

      146 |     // 제목 필드에 값이 있는지 확인
      147 |     const titleValue = await formPage.getTitleValue();
    > 148 |     expect(titleValue).toBe('점심 약속');
          |                        ^
      149 |   });
      150 |
      151 |   test('대소문자 구분 없이 검색', async ({ page, appContext }) => {
        at /Users/seednpc38/Documents/front_7th_chapter1-3/e2e/tests-refactored/features/search.spec.ts:148:24

    attachment #1: screenshot (image/png) ──────────────────────────────────────────────────────────
    test-results/features-search-Feature-일정-검색-및-필터링-Search-Filter-검색-후-일정-클릭-chromium/test-failed-1.png
    ────────────────────────────────────────────────────────────────────────────────────────────────

    Error Context: test-results/features-search-Feature-일정-검색-및-필터링-Search-Filter-검색-후-일정-클릭-chromium/error-context.md

    attachment #3: trace (application/zip) ─────────────────────────────────────────────────────────
    test-results/features-search-Feature-일정-검색-및-필터링-Search-Filter-검색-후-일정-클릭-chromium/trace.zip
    Usage:

        pnpm exec playwright show-trace test-results/features-search-Feature-일정-검색-및-필터링-Search-Filter-검색-후-일정-클릭-chromium/trace.zip

    ────────────────────────────────────────────────────────────────────────────────────────────────

  56) [chromium] › e2e/tests-refactored/features/search.spec.ts:215:3 › Feature: 일정 검색 및 필터링 (Search & Filter) › 검색 후 일정 삭제 

    TimeoutError: locator.click: Timeout 10000ms exceeded.
    Call log:
    [2m  - waiting for getByTestId('event-list').locator('li').filter({ hasText: '점심 약속' }).first().getByRole('button', { name: '삭제' })[22m


       at ../pages/EventListPage.ts:49

      47 |     const event = this.eventList().locator('li').filter({ hasText: title }).first();
      48 |     const deleteButton = event.getByRole('button', { name: '삭제' });
    > 49 |     await deleteButton.click();
         |                        ^
      50 |   }
      51 |
      52 |   /**
        at EventListPage.deleteEventByTitle (/Users/seednpc38/Documents/front_7th_chapter1-3/e2e/pages/EventListPage.ts:49:24)
        at /Users/seednpc38/Documents/front_7th_chapter1-3/e2e/tests-refactored/features/search.spec.ts:231:20

    attachment #1: screenshot (image/png) ──────────────────────────────────────────────────────────
    test-results/features-search-Feature-일정-검색-및-필터링-Search-Filter-검색-후-일정-삭제-chromium/test-failed-1.png
    ────────────────────────────────────────────────────────────────────────────────────────────────

    Error Context: test-results/features-search-Feature-일정-검색-및-필터링-Search-Filter-검색-후-일정-삭제-chromium/error-context.md

    attachment #3: trace (application/zip) ─────────────────────────────────────────────────────────
    test-results/features-search-Feature-일정-검색-및-필터링-Search-Filter-검색-후-일정-삭제-chromium/trace.zip
    Usage:

        pnpm exec playwright show-trace test-results/features-search-Feature-일정-검색-및-필터링-Search-Filter-검색-후-일정-삭제-chromium/trace.zip

    ────────────────────────────────────────────────────────────────────────────────────────────────

  57) [chromium] › e2e/tests-refactored/features/search.spec.ts:238:3 › Feature: 일정 검색 및 필터링 (Search & Filter) › 빈 검색어로 검색 

    Error: [2mexpect([22m[31mreceived[39m[2m).[22mtoBeGreaterThan[2m([22m[32mexpected[39m[2m)[22m

    Expected: > [32m0[39m
    Received:   [31m0[39m

      247 |     // 모든 일정이 표시되는지 확인
      248 |     const eventCount = await listPage.getEventCount();
    > 249 |     expect(eventCount).toBeGreaterThan(0);
          |                        ^
      250 |   });
      251 |
      252 |   test('여러 단어로 검색', async ({ page, appContext }) => {
        at /Users/seednpc38/Documents/front_7th_chapter1-3/e2e/tests-refactored/features/search.spec.ts:249:24

    attachment #1: screenshot (image/png) ──────────────────────────────────────────────────────────
    test-results/features-search-Feature-일정-검색-및-필터링-Search-Filter-빈-검색어로-검색-chromium/test-failed-1.png
    ────────────────────────────────────────────────────────────────────────────────────────────────

    Error Context: test-results/features-search-Feature-일정-검색-및-필터링-Search-Filter-빈-검색어로-검색-chromium/error-context.md

    attachment #3: trace (application/zip) ─────────────────────────────────────────────────────────
    test-results/features-search-Feature-일정-검색-및-필터링-Search-Filter-빈-검색어로-검색-chromium/trace.zip
    Usage:

        pnpm exec playwright show-trace test-results/features-search-Feature-일정-검색-및-필터링-Search-Filter-빈-검색어로-검색-chromium/trace.zip

    ────────────────────────────────────────────────────────────────────────────────────────────────

  57 failed
    [chromium] › e2e/tests-refactored/crud/create.spec.ts:43:3 › CRUD: 일정 생성 (Create) › 상세 정보가 있는 일정 생성 
    [chromium] › e2e/tests-refactored/crud/create.spec.ts:73:3 › CRUD: 일정 생성 (Create) › 여러 일정 연속 생성 
    [chromium] › e2e/tests-refactored/crud/create.spec.ts:168:3 › CRUD: 일정 생성 (Create) › 긴 제목으로 일정 생성 
    [chromium] › e2e/tests-refactored/crud/delete.spec.ts:25:3 › CRUD: 일정 삭제 (Delete) › 생성된 일정을 삭제 ─
    [chromium] › e2e/tests-refactored/crud/delete.spec.ts:47:3 › CRUD: 일정 삭제 (Delete) › 여러 일정 중 하나를 삭제 
    [chromium] › e2e/tests-refactored/crud/delete.spec.ts:79:3 › CRUD: 일정 삭제 (Delete) › 삭제 후 일정 개수가 감소함 
    [chromium] › e2e/tests-refactored/crud/delete.spec.ts:107:3 › CRUD: 일정 삭제 (Delete) › 삭제된 일정은 페이지 새로고침 후에도 없음 
    [chromium] › e2e/tests-refactored/crud/delete.spec.ts:133:3 › CRUD: 일정 삭제 (Delete) › 삭제된 일정의 제목으로 검색 결과 없음 
    [chromium] › e2e/tests-refactored/crud/delete.spec.ts:158:3 › CRUD: 일정 삭제 (Delete) › 특수문자가 있는 일정 삭제 
    [chromium] › e2e/tests-refactored/crud/delete.spec.ts:180:3 › CRUD: 일정 삭제 (Delete) › 긴 제목의 일정 삭제 
    [chromium] › e2e/tests-refactored/crud/delete.spec.ts:203:3 › CRUD: 일정 삭제 (Delete) › API를 통해 생성된 일정 삭제 
    [chromium] › e2e/tests-refactored/crud/delete.spec.ts:232:3 › CRUD: 일정 삭제 (Delete) › 모든 일정 삭제 후 빈 목록 상태 
    [chromium] › e2e/tests-refactored/crud/delete.spec.ts:259:3 › CRUD: 일정 삭제 (Delete) › 삭제 후 동일한 제목으로 새 일정 생성 
    [chromium] › e2e/tests-refactored/crud/read.spec.ts:46:3 › CRUD: 일정 조회 (Read) › 여러 일정이 모두 목록에 표시됨 
    [chromium] › e2e/tests-refactored/crud/read.spec.ts:73:3 › CRUD: 일정 조회 (Read) › 일정 상세 정보가 목록에 표시됨 
    [chromium] › e2e/tests-refactored/crud/read.spec.ts:125:3 › CRUD: 일정 조회 (Read) › 긴 제목이 있는 일정이 올바르게 표시됨 
    [chromium] › e2e/tests-refactored/crud/read.spec.ts:166:3 › CRUD: 일정 조회 (Read) › 생성된 일정의 제목이 정확하게 저장됨 
    [chromium] › e2e/tests-refactored/crud/read.spec.ts:210:3 › CRUD: 일정 조회 (Read) › 일정 목록의 이벤트 개수가 정확함 
    [chromium] › e2e/tests-refactored/crud/update.spec.ts:25:3 › CRUD: 일정 수정 (Update) › 생성된 일정의 제목을 수정 
    [chromium] › e2e/tests-refactored/crud/update.spec.ts:56:3 › CRUD: 일정 수정 (Update) › 생성된 일정의 시간을 수정 
    [chromium] › e2e/tests-refactored/crud/update.spec.ts:90:3 › CRUD: 일정 수정 (Update) › 생성된 일정의 날짜를 수정 
    [chromium] › e2e/tests-refactored/crud/update.spec.ts:122:3 › CRUD: 일정 수정 (Update) › 일정의 설명을 추가 또는 수정 
    [chromium] › e2e/tests-refactored/crud/update.spec.ts:149:3 › CRUD: 일정 수정 (Update) › 일정의 위치를 추가 또는 수정 
    [chromium] › e2e/tests-refactored/crud/update.spec.ts:184:3 › CRUD: 일정 수정 (Update) › 일정의 카테고리를 수정 
    [chromium] › e2e/tests-refactored/crud/update.spec.ts:210:3 › CRUD: 일정 수정 (Update) › 여러 필드를 동시에 수정 
    [chromium] › e2e/tests-refactored/crud/update.spec.ts:256:3 › CRUD: 일정 수정 (Update) › 수정 후 일정이 목록 맨 위로 이동 
    [chromium] › e2e/tests-refactored/crud/update.spec.ts:284:3 › CRUD: 일정 수정 (Update) › 수정 취소 시 원본이 유지됨 
    [chromium] › e2e/tests-refactored/features/notifications.spec.ts:25:3 › Feature: 일정 알림 (Notifications) › 일정 생성 시 알림 설정 
    [chromium] › e2e/tests-refactored/features/notifications.spec.ts:54:3 › Feature: 일정 알림 (Notifications) › 다양한 알림 시간 설정 
    [chromium] › e2e/tests-refactored/features/notifications.spec.ts:98:3 › Feature: 일정 알림 (Notifications) › 알림 없음 설정 
    [chromium] › e2e/tests-refactored/features/notifications.spec.ts:125:3 › Feature: 일정 알림 (Notifications) › 일정 수정 시 알림 설정 변경 
    [chromium] › e2e/tests-refactored/features/notifications.spec.ts:189:3 › Feature: 일정 알림 (Notifications) › 알림 시간이 일정 시작 시간보다 전에 설정됨 
    [chromium] › e2e/tests-refactored/features/notifications.spec.ts:218:3 › Feature: 일정 알림 (Notifications) › 여러 일정에 다양한 알림 설정 
    [chromium] › e2e/tests-refactored/features/notifications.spec.ts:279:3 › Feature: 일정 알림 (Notifications) › 특수문자 제목의 일정에 알림 설정 
    [chromium] › e2e/tests-refactored/features/overlapping.spec.ts:28:3 › Feature: 일정 겹침 감지 (Overlapping Events) › 겹치는 일정 생성 시 경고 표시 
    [chromium] › e2e/tests-refactored/features/overlapping.spec.ts:63:3 › Feature: 일정 겹침 감지 (Overlapping Events) › 겹침 경고 무시하고 계속 진행 
    [chromium] › e2e/tests-refactored/features/overlapping.spec.ts:105:3 › Feature: 일정 겹침 감지 (Overlapping Events) › 겹침 경고 취소하면 일정이 생성되지 않음 
    [chromium] › e2e/tests-refactored/features/overlapping.spec.ts:146:3 › Feature: 일정 겹침 감지 (Overlapping Events) › 정확히 겹치는 시간대의 일정 감지 
    [chromium] › e2e/tests-refactored/features/overlapping.spec.ts:181:3 › Feature: 일정 겹침 감지 (Overlapping Events) › 일정의 경계가 겹칠 때 경고 표시 
    [chromium] › e2e/tests-refactored/features/overlapping.spec.ts:216:3 › Feature: 일정 겹침 감지 (Overlapping Events) › 다른 날짜의 일정은 겹침 감지 안 함 
    [chromium] › e2e/tests-refactored/features/overlapping.spec.ts:257:3 › Feature: 일정 겹침 감지 (Overlapping Events) › 부분적으로 겹치는 일정 감지 
    [chromium] › e2e/tests-refactored/features/overlapping.spec.ts:292:3 › Feature: 일정 겹침 감지 (Overlapping Events) › 여러 일정과 겹치는 경우 경고 표시 
    [chromium] › e2e/tests-refactored/features/overlapping.spec.ts:339:3 › Feature: 일정 겹침 감지 (Overlapping Events) › 겹침 경고에 다른 일정 정보 표시 
    [chromium] › e2e/tests-refactored/features/recurring.spec.ts:28:3 › Feature: 반복 일정 (Recurring Events) › 일간 반복 일정 생성 
    [chromium] › e2e/tests-refactored/features/recurring.spec.ts:53:3 › Feature: 반복 일정 (Recurring Events) › 주간 반복 일정 생성 
    [chromium] › e2e/tests-refactored/features/recurring.spec.ts:77:3 › Feature: 반복 일정 (Recurring Events) › 반복 일정 수정 - 이 일정만 수정 
    [chromium] › e2e/tests-refactored/features/recurring.spec.ts:116:3 › Feature: 반복 일정 (Recurring Events) › 반복 일정 수정 - 모든 일정 수정 
    [chromium] › e2e/tests-refactored/features/recurring.spec.ts:156:3 › Feature: 반복 일정 (Recurring Events) › 반복 일정 삭제 - 이 일정만 삭제 
    [chromium] › e2e/tests-refactored/features/recurring.spec.ts:187:3 › Feature: 반복 일정 (Recurring Events) › 반복 일정 삭제 - 모든 일정 삭제 
    [chromium] › e2e/tests-refactored/features/recurring.spec.ts:218:3 › Feature: 반복 일정 (Recurring Events) › 반복 종료 날짜 설정 
    [chromium] › e2e/tests-refactored/features/recurring.spec.ts:253:3 › Feature: 반복 일정 (Recurring Events) › 반복 간격 설정 (격주 또는 월 2회) 
    [chromium] › e2e/tests-refactored/features/recurring.spec.ts:283:3 › Feature: 반복 일정 (Recurring Events) › 반복 일정 중 하나만 수정해도 반복 설정 유지 
    [chromium] › e2e/tests-refactored/features/recurring.spec.ts:321:3 › Feature: 반복 일정 (Recurring Events) › 월간 반복 일정 생성 
    [chromium] › e2e/tests-refactored/features/search.spec.ts:87:3 › Feature: 일정 검색 및 필터링 (Search & Filter) › 검색 초기화 
    [chromium] › e2e/tests-refactored/features/search.spec.ts:128:3 › Feature: 일정 검색 및 필터링 (Search & Filter) › 검색 후 일정 클릭 
    [chromium] › e2e/tests-refactored/features/search.spec.ts:215:3 › Feature: 일정 검색 및 필터링 (Search & Filter) › 검색 후 일정 삭제 
    [chromium] › e2e/tests-refactored/features/search.spec.ts:238:3 › Feature: 일정 검색 및 필터링 (Search & Filter) › 빈 검색어로 검색 
  21 passed (7.2m)

[36m  Serving HTML report at http://localhost:9323. Press Ctrl+C to quit.[39m
